Component: ARM Compiler 5.05 update 1 (build 106) Tool: armlink [4d0efa]

==============================================================================

Section Cross References

    tp_open1768.o(i.touchpanelDriverDataBusInit) refers to tp_open1768.o(i.LPC17xx_SPI_SetSpeed) for LPC17xx_SPI_SetSpeed
    tp_open1768.o(i.touchpanelGetXY) refers to tp_open1768.o(i.touchpanelReadX) for touchpanelReadX
    tp_open1768.o(i.touchpanelGetXY) refers to tp_open1768.o(i.touchpanelDelayUS) for touchpanelDelayUS
    tp_open1768.o(i.touchpanelGetXY) refers to tp_open1768.o(i.touchpanelReadY) for touchpanelReadY
    tp_open1768.o(i.touchpanelInit) refers to tp_open1768.o(i.touchpanelDriverDataBusInit) for touchpanelDriverDataBusInit
    tp_open1768.o(i.touchpanelReadAddress) refers to tp_open1768.o(i.touchpanelWriteCmd) for touchpanelWriteCmd
    tp_open1768.o(i.touchpanelReadAddress) refers to tp_open1768.o(i.touchpanelDelayUS) for touchpanelDelayUS
    tp_open1768.o(i.touchpanelReadX) refers to tp_open1768.o(i.touchpanelDelayUS) for touchpanelDelayUS
    tp_open1768.o(i.touchpanelReadX) refers to tp_open1768.o(i.touchpanelWriteCmd) for touchpanelWriteCmd
    tp_open1768.o(i.touchpanelReadX) refers to tp_open1768.o(i.touchpanelReadAddress) for touchpanelReadAddress
    tp_open1768.o(i.touchpanelReadY) refers to tp_open1768.o(i.touchpanelDelayUS) for touchpanelDelayUS
    tp_open1768.o(i.touchpanelReadY) refers to tp_open1768.o(i.touchpanelWriteCmd) for touchpanelWriteCmd
    tp_open1768.o(i.touchpanelReadY) refers to tp_open1768.o(i.touchpanelReadAddress) for touchpanelReadAddress
    asciilib.o(i.GetASCIICode) refers to rt_memcpy_v6.o(.text) for __aeabi_memcpy
    asciilib.o(i.GetASCIICode) refers to asciilib.o(.constdata) for .constdata
    lcd_ili9325.o(i.init_ILI9325) refers to open1768_lcd.o(i.lcdWriteReg) for lcdWriteReg
    lcd_ili9325.o(i.init_ILI9325) refers to open1768_lcd.o(i.delay_ms) for delay_ms
    open1768_lcd.o(i.lcdRead) refers to open1768_lcd.o(i.wait_delay) for wait_delay
    open1768_lcd.o(i.lcdReadData) refers to open1768_lcd.o(i.wait_delay) for wait_delay
    open1768_lcd.o(i.lcdReadData) refers to open1768_lcd.o(i.lcdRead) for lcdRead
    open1768_lcd.o(i.lcdReadReg) refers to open1768_lcd.o(i.lcdWriteIndex) for lcdWriteIndex
    open1768_lcd.o(i.lcdReadReg) refers to open1768_lcd.o(i.lcdReadData) for lcdReadData
    open1768_lcd.o(i.lcdSetCursor) refers to open1768_lcd.o(i.lcdWriteReg) for lcdWriteReg
    open1768_lcd.o(i.lcdWriteData) refers to open1768_lcd.o(i.lcdSend) for lcdSend
    open1768_lcd.o(i.lcdWriteData) refers to open1768_lcd.o(i.wait_delay) for wait_delay
    open1768_lcd.o(i.lcdWriteIndex) refers to open1768_lcd.o(i.lcdSend) for lcdSend
    open1768_lcd.o(i.lcdWriteIndex) refers to open1768_lcd.o(i.wait_delay) for wait_delay
    open1768_lcd.o(i.lcdWriteReg) refers to open1768_lcd.o(i.lcdWriteIndex) for lcdWriteIndex
    open1768_lcd.o(i.lcdWriteReg) refers to open1768_lcd.o(i.lcdWriteData) for lcdWriteData
    interrupt_handler.o(i.EINT3_IRQHandler) refers to tp_open1768.o(i.touchpanelGetXY) for touchpanelGetXY
    interrupt_handler.o(i.EINT3_IRQHandler) refers to dflt_clz.o(x$fpl$dflt) for __aeabi_i2d
    interrupt_handler.o(i.EINT3_IRQHandler) refers to ddiv.o(x$fpl$ddiv) for __aeabi_ddiv
    interrupt_handler.o(i.EINT3_IRQHandler) refers to dmul.o(x$fpl$dmul) for __aeabi_dmul
    interrupt_handler.o(i.EINT3_IRQHandler) refers to dfix.o(x$fpl$dfix) for __aeabi_d2iz
    interrupt_handler.o(i.EINT3_IRQHandler) refers to stack.o(i.push) for push
    interrupt_handler.o(i.EINT3_IRQHandler) refers to stack.o(.bss) for stack
    interrupt_handler.o(i.UART0_IRQHandler) refers to strcmpv7m.o(.text) for strcmp
    interrupt_handler.o(i.UART0_IRQHandler) refers to interrupt_handler.o(.bss) for .bss
    interrupt_handler.o(i.UART0_IRQHandler) refers to interrupt_handler.o(.data) for .data
    interrupt_handler.o(i.UART0_IRQHandler) refers to main.o(.bss) for game
    game.o(i.checkForGameEnd) refers to strcpy.o(.text) for strcpy
    game.o(i.checkForHit) refers to strcpy.o(.text) for strcpy
    game.o(i.checkForHit) refers to renderer.o(i.DrawSquare) for DrawSquare
    game.o(i.checkForHit) refers to game.o(i.checkForGameEnd) for checkForGameEnd
    game.o(i.drawShots) refers to renderer.o(i.DrawSquare) for DrawSquare
    game.o(i.handleTurn) refers to stack.o(i.empty) for empty
    game.o(i.handleTurn) refers to stack.o(i.pop) for pop
    game.o(i.handleTurn) refers to renderer.o(i.DrawSquare) for DrawSquare
    game.o(i.handleTurn) refers to game.o(i.sendShot) for sendShot
    game.o(i.handleTurn) refers to stack.o(.bss) for stack
    game.o(i.handleTurn) refers to game.o(.data) for .data
    game.o(i.init) refers to open1768_lcd.o(i.lcdConfiguration) for lcdConfiguration
    game.o(i.init) refers to lcd_ili9325.o(i.init_ILI9325) for init_ILI9325
    game.o(i.init) refers to tp_open1768.o(i.touchpanelInit) for touchpanelInit
[...]
    joystick_open1768.o(i.Joystick_Initialize) refers to joystick_open1768.o(.constdata) for .constdata
    joystick_open1768.o(i.Joystick_Uninitialize) refers to pin_lpc17xx.o(i.PIN_Configure) for PIN_Configure
    joystick_open1768.o(i.Joystick_Uninitialize) refers to joystick_open1768.o(.constdata) for .constdata
    led_open1768.o(i.LED_Initialize) refers to gpio_lpc17xx.o(i.GPIO_PortClock) for GPIO_PortClock
    led_open1768.o(i.LED_Initialize) refers to pin_lpc17xx.o(i.PIN_Configure) for PIN_Configure
    led_open1768.o(i.LED_Initialize) refers to gpio_lpc17xx.o(i.GPIO_SetDir) for GPIO_SetDir
    led_open1768.o(i.LED_Initialize) refers to gpio_lpc17xx.o(i.GPIO_PinWrite) for GPIO_PinWrite
    led_open1768.o(i.LED_Initialize) refers to led_open1768.o(.constdata) for .constdata
    led_open1768.o(i.LED_Off) refers to gpio_lpc17xx.o(i.GPIO_PinWrite) for GPIO_PinWrite
    led_open1768.o(i.LED_Off) refers to led_open1768.o(.constdata) for .constdata
    led_open1768.o(i.LED_On) refers to gpio_lpc17xx.o(i.GPIO_PinWrite) for GPIO_PinWrite
    led_open1768.o(i.LED_On) refers to led_open1768.o(.constdata) for .constdata
    led_open1768.o(i.LED_SetOut) refers to gpio_lpc17xx.o(i.GPIO_PinWrite) for GPIO_PinWrite
    led_open1768.o(i.LED_SetOut) refers to led_open1768.o(.constdata) for .constdata
    led_open1768.o(i.LED_Uninitialize) refers to pin_lpc17xx.o(i.PIN_Configure) for PIN_Configure
    led_open1768.o(i.LED_Uninitialize) refers to led_open1768.o(.constdata) for .constdata
    startup_lpc17xx.o(STACK) refers (Special) to heapauxi.o(.text) for __use_two_region_memory
    startup_lpc17xx.o(HEAP) refers (Special) to heapauxi.o(.text) for __use_two_region_memory
    startup_lpc17xx.o(RESET) refers (Special) to heapauxi.o(.text) for __use_two_region_memory
    startup_lpc17xx.o(RESET) refers to startup_lpc17xx.o(STACK) for __initial_sp
    startup_lpc17xx.o(RESET) refers to startup_lpc17xx.o(.text) for Reset_Handler
    startup_lpc17xx.o(RESET) refers to interrupt_handler.o(i.UART0_IRQHandler) for UART0_IRQHandler
    startup_lpc17xx.o(RESET) refers to interrupt_handler.o(i.EINT3_IRQHandler) for EINT3_IRQHandler
    startup_lpc17xx.o(.ARM.__at_0x02FC) refers (Special) to heapauxi.o(.text) for __use_two_region_memory
    startup_lpc17xx.o(.text) refers (Special) to heapauxi.o(.text) for __use_two_region_memory
    startup_lpc17xx.o(.text) refers to system_lpc17xx.o(i.SystemInit) for SystemInit
    startup_lpc17xx.o(.text) refers to __main.o(!!!main) for __main
    startup_lpc17xx.o(.text) refers to startup_lpc17xx.o(HEAP) for Heap_Mem
    startup_lpc17xx.o(.text) refers to startup_lpc17xx.o(STACK) for Stack_Mem
    system_lpc17xx.o(i.SystemCoreClockUpdate) refers to lludivv7m.o(.text) for __aeabi_uldivmod
    system_lpc17xx.o(i.SystemCoreClockUpdate) refers to system_lpc17xx.o(.data) for .data
    __2sprintf.o(.text) refers to _printf_char_common.o(.text) for _printf_char_common
    __2sprintf.o(.text) refers to _sputc.o(.text) for _sputc
    noretval__2sprintf.o(.text) refers to _printf_char_common.o(.text) for _printf_char_common
    noretval__2sprintf.o(.text) refers to _sputc.o(.text) for _sputc
    __printf.o(.text) refers to _printf_percent.o(.ARM.Collect$$_printf_percent$$00000000) for _printf_percent
    _printf_dec.o(.text) refers to _printf_intcommon.o(.text) for _printf_int_common
    __printf_flags.o(.text) refers to _printf_percent.o(.ARM.Collect$$_printf_percent$$00000000) for _printf_percent
    __printf_flags.o(.text) refers to __printf_flags.o(.constdata) for .constdata
    __printf_ss.o(.text) refers to _printf_percent.o(.ARM.Collect$$_printf_percent$$00000000) for _printf_percent
    __printf_flags_ss.o(.text) refers to _printf_percent.o(.ARM.Collect$$_printf_percent$$00000000) for _printf_percent
    __printf_flags_ss.o(.text) refers to __printf_flags_ss.o(.constdata) for .constdata
    __printf_wp.o(.text) refers to __printf_wp.o(i._is_digit) for _is_digit
    __printf_wp.o(.text) refers to _printf_percent.o(.ARM.Collect$$_printf_percent$$00000000) for _printf_percent
    __printf_flags_wp.o(.text) refers to __printf_wp.o(i._is_digit) for _is_digit
    __printf_flags_wp.o(.text) refers to _printf_percent.o(.ARM.Collect$$_printf_percent$$00000000) for _printf_percent
    __printf_flags_wp.o(.text) refers to __printf_flags_wp.o(.constdata) for .constdata
    __printf_ss_wp.o(.text) refers to __printf_wp.o(i._is_digit) for _is_digit
    __printf_ss_wp.o(.text) refers to _printf_percent.o(.ARM.Collect$$_printf_percent$$00000000) for _printf_percent
    __printf_flags_ss_wp.o(.text) refers to __printf_wp.o(i._is_digit) for _is_digit
    __printf_flags_ss_wp.o(.text) refers to _printf_percent.o(.ARM.Collect$$_printf_percent$$00000000) for _printf_percent
    __printf_flags_ss_wp.o(.text) refers to __printf_flags_ss_wp.o(.constdata) for .constdata
    _printf_d.o(.ARM.Collect$$_printf_percent$$00000009) refers (Weak) to _printf_dec.o(.text) for _printf_int_dec
    _printf_percent.o(.ARM.Collect$$_printf_percent$$00000000) refers (Special) to _printf_percent_end.o(.ARM.Collect$$_printf_percent$$00000017) for _printf_percent_end
    rt_memcpy_v6.o(.text) refers to rt_memcpy_w.o(.text) for __aeabi_memcpy4
    __main.o(!!!main) refers to __rtentry.o(.ARM.Collect$$rtentry$$00000000) for __rt_entry
    ddiv.o(x$fpl$drdiv) refers (Special) to usenofp.o(x$fpl$usenofp) for __I$use$fp
    ddiv.o(x$fpl$drdiv) refers to ddiv.o(x$fpl$ddiv) for ddiv_entry
    ddiv.o(x$fpl$ddiv) refers (Special) to usenofp.o(x$fpl$usenofp) for __I$use$fp
    ddiv.o(x$fpl$ddiv) refers to dretinf.o(x$fpl$dretinf) for __fpl_dretinf
    ddiv.o(x$fpl$ddiv) refers to dnaninf.o(x$fpl$dnaninf) for __fpl_dnaninf
    dfix.o(x$fpl$dfix) refers (Special) to usenofp.o(x$fpl$usenofp) for __I$use$fp
    dfix.o(x$fpl$dfix) refers to dnaninf.o(x$fpl$dnaninf) for __fpl_dnaninf
    dfix.o(x$fpl$dfixr) refers (Special) to usenofp.o(x$fpl$usenofp) for __I$use$fp
    dfix.o(x$fpl$dfixr) refers to dnaninf.o(x$fpl$dnaninf) for __fpl_dnaninf
    dflt_clz.o(x$fpl$dfltu) refers (Special) to usenofp.o(x$fpl$usenofp) for __I$use$fp
    dflt_clz.o(x$fpl$dflt) refers (Special) to usenofp.o(x$fpl$usenofp) for __I$use$fp
    dflt_clz.o(x$fpl$dfltn) refers (Special) to usenofp.o(x$fpl$usenofp) for __I$use$fp
    dmul.o(x$fpl$dmul) refers (Special) to usenofp.o(x$fpl$usenofp) for __I$use$fp
    dmul.o(x$fpl$dmul) refers to dretinf.o(x$fpl$dretinf) for __fpl_dretinf
    dmul.o(x$fpl$dmul) refers to dnaninf.o(x$fpl$dnaninf) for __fpl_dnaninf
    __rtentry.o(.ARM.Collect$$rtentry$$00000000) refers (Special) to __rtentry2.o(.ARM.Collect$$rtentry$$0000000A) for __rt_entry_li
    __rtentry.o(.ARM.Collect$$rtentry$$00000000) refers (Special) to __rtentry2.o(.ARM.Collect$$rtentry$$0000000D) for __rt_entry_main
    __rtentry.o(.ARM.Collect$$rtentry$$00000000) refers (Special) to __rtentry2.o(.ARM.Collect$$rtentry$$0000000C) for __rt_entry_postli_1
    __rtentry.o(.ARM.Collect$$rtentry$$00000000) refers (Special) to __rtentry2.o(.ARM.Collect$$rtentry$$00000009) for __rt_entry_postsh_1
    __rtentry.o(.ARM.Collect$$rtentry$$00000000) refers (Special) to __rtentry2.o(.ARM.Collect$$rtentry$$00000002) for __rt_entry_presh_1
    __rtentry.o(.ARM.Collect$$rtentry$$00000000) refers (Special) to __rtentry4.o(.ARM.Collect$$rtentry$$00000004) for __rt_entry_sh
    aeabi_ldiv0_sigfpe.o(.text) refers to rt_div0.o(.text) for __rt_div0
    _printf_intcommon.o(.text) refers (Weak) to _printf_pad.o(.text) for _printf_pre_padding
    _printf_intcommon.o(.text) refers (Weak) to _printf_pad.o(.text) for _printf_pre_padding
    _printf_intcommon.o(.text) refers (Weak) to _printf_pad.o(.text) for _printf_post_padding
    _printf_char_common.o(.text) refers to __printf_wp.o(.text) for __printf
    dnaninf.o(x$fpl$dnaninf) refers (Special) to usenofp.o(x$fpl$usenofp) for __I$use$fp
    dretinf.o(x$fpl$dretinf) refers (Special) to usenofp.o(x$fpl$usenofp) for __I$use$fp
    __rtentry2.o(.ARM.Collect$$rtentry$$00000008) refers to boardinit2.o(.text) for _platform_post_stackheap_init
    __rtentry2.o(.ARM.Collect$$rtentry$$0000000A) refers to libinit.o(.ARM.Collect$$libinit$$00000000) for __rt_lib_init
    __rtentry2.o(.ARM.Collect$$rtentry$$0000000B) refers to boardinit3.o(.text) for _platform_post_lib_init
    __rtentry2.o(.ARM.Collect$$rtentry$$0000000D) refers to main.o(i.main) for main
    __rtentry2.o(.ARM.Collect$$rtentry$$0000000D) refers to exit.o(.text) for exit
    __rtentry2.o(.ARM.exidx) refers to __rtentry2.o(.ARM.Collect$$rtentry$$00000001) for .ARM.Collect$$rtentry$$00000001
    __rtentry2.o(.ARM.exidx) refers to __rtentry2.o(.ARM.Collect$$rtentry$$00000008) for .ARM.Collect$$rtentry$$00000008
    __rtentry2.o(.ARM.exidx) refers to __rtentry2.o(.ARM.Collect$$rtentry$$0000000A) for .ARM.Collect$$rtentry$$0000000A
    __rtentry2.o(.ARM.exidx) refers to __rtentry2.o(.ARM.Collect$$rtentry$$0000000B) for .ARM.Collect$$rtentry$$0000000B
    __rtentry2.o(.ARM.exidx) refers to __rtentry2.o(.ARM.Collect$$rtentry$$0000000D) for .ARM.Collect$$rtentry$$0000000D
    __rtentry4.o(.ARM.Collect$$rtentry$$00000004) refers to sys_stackheap_outer.o(.text) for __user_setup_stackheap
    __rtentry4.o(.ARM.exidx) refers to __rtentry4.o(.ARM.Collect$$rtentry$$00000004) for .ARM.Collect$$rtentry$$00000004
    rt_div0.o(.text) refers to defsig_fpe_outer.o(.text) for __rt_SIGFPE
    sys_stackheap_outer.o(.text) refers to libspace.o(.text) for __user_perproc_libspace
    sys_stackheap_outer.o(.text) refers to startup_lpc17xx.o(.text) for __user_initial_stackheap
    exit.o(.text) refers to rtexit.o(.ARM.Collect$$rtexit$$00000000) for __rt_exit
    defsig_fpe_outer.o(.text) refers to defsig_fpe_inner.o(.text) for __rt_SIGFPE_inner
    defsig_fpe_outer.o(.text) refers to defsig_exit.o(.text) for __sig_exit
    defsig_fpe_formal.o(.text) refers to rt_raise.o(.text) for __rt_raise
    libinit.o(.ARM.Collect$$libinit$$00000000) refers (Special) to libinit2.o(.ARM.Collect$$libinit$$0000002E) for __rt_lib_init_alloca_1
    libinit.o(.ARM.Collect$$libinit$$00000000) refers (Special) to libinit2.o(.ARM.Collect$$libinit$$0000002C) for __rt_lib_init_argv_1
    libinit.o(.ARM.Collect$$libinit$$00000000) refers (Special) to libinit2.o(.ARM.Collect$$libinit$$0000001B) for __rt_lib_init_atexit_1
    libinit.o(.ARM.Collect$$libinit$$00000000) refers (Special) to libinit2.o(.ARM.Collect$$libinit$$00000021) for __rt_lib_init_clock_1
    libinit.o(.ARM.Collect$$libinit$$00000000) refers (Special) to libinit2.o(.ARM.Collect$$libinit$$00000032) for __rt_lib_init_cpp_1
    libinit.o(.ARM.Collect$$libinit$$00000000) refers (Special) to libinit2.o(.ARM.Collect$$libinit$$00000030) for __rt_lib_init_exceptions_1
    libinit.o(.ARM.Collect$$libinit$$00000000) refers (Special) to libinit2.o(.ARM.Collect$$libinit$$00000002) for __rt_lib_init_fp_1
    libinit.o(.ARM.Collect$$libinit$$00000000) refers (Special) to libinit2.o(.ARM.Collect$$libinit$$0000001F) for __rt_lib_init_fp_trap_1
    libinit.o(.ARM.Collect$$libinit$$00000000) refers (Special) to libinit2.o(.ARM.Collect$$libinit$$00000023) for __rt_lib_init_getenv_1
    libinit.o(.ARM.Collect$$libinit$$00000000) refers (Special) to libinit2.o(.ARM.Collect$$libinit$$0000000A) for __rt_lib_init_heap_1
    libinit.o(.ARM.Collect$$libinit$$00000000) refers (Special) to libinit2.o(.ARM.Collect$$libinit$$00000011) for __rt_lib_init_lc_collate_1
    libinit.o(.ARM.Collect$$libinit$$00000000) refers (Special) to libinit2.o(.ARM.Collect$$libinit$$00000013) for __rt_lib_init_lc_ctype_1
    libinit.o(.ARM.Collect$$libinit$$00000000) refers (Special) to libinit2.o(.ARM.Collect$$libinit$$00000015) for __rt_lib_init_lc_monetary_1
    libinit.o(.ARM.Collect$$libinit$$00000000) refers (Special) to libinit2.o(.ARM.Collect$$libinit$$00000017) for __rt_lib_init_lc_numeric_1
    libinit.o(.ARM.Collect$$libinit$$00000000) refers (Special) to libinit2.o(.ARM.Collect$$libinit$$00000019) for __rt_lib_init_lc_time_1
    libinit.o(.ARM.Collect$$libinit$$00000000) refers (Special) to libinit2.o(.ARM.Collect$$libinit$$00000004) for __rt_lib_init_preinit_1
    libinit.o(.ARM.Collect$$libinit$$00000000) refers (Special) to libinit2.o(.ARM.Collect$$libinit$$0000000E) for __rt_lib_init_rand_1
    libinit.o(.ARM.Collect$$libinit$$00000000) refers (Special) to libinit2.o(.ARM.Collect$$libinit$$00000033) for __rt_lib_init_return
    libinit.o(.ARM.Collect$$libinit$$00000000) refers (Special) to libinit2.o(.ARM.Collect$$libinit$$0000001D) for __rt_lib_init_signal_1
    libinit.o(.ARM.Collect$$libinit$$00000000) refers (Special) to libinit2.o(.ARM.Collect$$libinit$$00000025) for __rt_lib_init_stdio_1
    libinit.o(.ARM.Collect$$libinit$$00000000) refers (Special) to libinit2.o(.ARM.Collect$$libinit$$0000000C) for __rt_lib_init_user_alloc_1
    libspace.o(.text) refers to libspace.o(.bss) for __libspace_start
    rtexit.o(.ARM.Collect$$rtexit$$00000000) refers (Special) to rtexit2.o(.ARM.Collect$$rtexit$$00000004) for __rt_exit_exit
    rtexit.o(.ARM.Collect$$rtexit$$00000000) refers (Special) to rtexit2.o(.ARM.Collect$$rtexit$$00000003) for __rt_exit_ls
    rtexit.o(.ARM.Collect$$rtexit$$00000000) refers (Special) to rtexit2.o(.ARM.Collect$$rtexit$$00000002) for __rt_exit_prels_1
    rtexit.o(.ARM.exidx) refers (Special) to rtexit2.o(.ARM.Collect$$rtexit$$00000004) for __rt_exit_exit
    rtexit.o(.ARM.exidx) refers (Special) to rtexit2.o(.ARM.Collect$$rtexit$$00000003) for __rt_exit_ls
    rtexit.o(.ARM.exidx) refers (Special) to rtexit2.o(.ARM.Collect$$rtexit$$00000002) for __rt_exit_prels_1
    rtexit.o(.ARM.exidx) refers to rtexit.o(.ARM.Collect$$rtexit$$00000000) for .ARM.Collect$$rtexit$$00000000
    rt_raise.o(.text) refers to __raise.o(.text) for __raise
    rt_raise.o(.text) refers to sys_exit.o(.text) for _sys_exit
    defsig_exit.o(.text) refers to sys_exit.o(.text) for _sys_exit
    defsig_fpe_inner.o(.text) refers to defsig_general.o(.text) for __default_signal_display
    libinit2.o(.ARM.Collect$$libinit$$00000010) refers to libinit2.o(.ARM.Collect$$libinit$$0000000F) for .ARM.Collect$$libinit$$0000000F
    libinit2.o(.ARM.Collect$$libinit$$00000012) refers to libinit2.o(.ARM.Collect$$libinit$$0000000F) for .ARM.Collect$$libinit$$0000000F
    libinit2.o(.ARM.Collect$$libinit$$00000014) refers to libinit2.o(.ARM.Collect$$libinit$$0000000F) for .ARM.Collect$$libinit$$0000000F
    libinit2.o(.ARM.Collect$$libinit$$00000016) refers to libinit2.o(.ARM.Collect$$libinit$$0000000F) for .ARM.Collect$$libinit$$0000000F
    libinit2.o(.ARM.Collect$$libinit$$00000018) refers to libinit2.o(.ARM.Collect$$libinit$$0000000F) for .ARM.Collect$$libinit$$0000000F
    libinit2.o(.ARM.Collect$$libinit$$00000026) refers to argv_veneer.o(.emb_text) for __ARM_argv_veneer
    libinit2.o(.ARM.Collect$$libinit$$00000027) refers to argv_veneer.o(.emb_text) for __ARM_argv_veneer
    sys_exit.o(.text) refers (Special) to use_no_semi.o(.text) for __I$use$semihosting
    sys_exit.o(.text) refers (Special) to indicate_semi.o(.text) for __semihosting_library_function
    rtexit2.o(.ARM.Collect$$rtexit$$00000003) refers to libshutdown.o(.ARM.Collect$$libshutdown$$00000000) for __rt_lib_shutdown
    rtexit2.o(.ARM.Collect$$rtexit$$00000004) refers to sys_exit.o(.text) for _sys_exit
    rtexit2.o(.ARM.exidx) refers to rtexit2.o(.ARM.Collect$$rtexit$$00000001) for .ARM.Collect$$rtexit$$00000001
    rtexit2.o(.ARM.exidx) refers to rtexit2.o(.ARM.Collect$$rtexit$$00000003) for .ARM.Collect$$rtexit$$00000003
    rtexit2.o(.ARM.exidx) refers to rtexit2.o(.ARM.Collect$$rtexit$$00000004) for .ARM.Collect$$rtexit$$00000004
    __raise.o(.text) refers to defsig.o(CL$$defsig) for __default_signal_handler
    defsig_general.o(.text) refers to sys_wrch.o(.text) for _ttywrch
    argv_veneer.o(.emb_text) refers to no_argv.o(.text) for __ARM_get_argv
    sys_wrch.o(.text) refers (Special) to use_no_semi.o(.text) for __I$use$semihosting
    sys_wrch.o(.text) refers (Special) to indicate_semi.o(.text) for __semihosting_library_function
    defsig.o(CL$$defsig) refers to defsig_fpe_inner.o(.text) for __rt_SIGFPE_inner
    defsig.o(CL$$defsig) refers to defsig_rtmem_inner.o(.text) for __rt_SIGRTMEM_inner
    _get_argv_nomalloc.o(.text) refers (Special) to hrguard.o(.text) for __heap_region$guard
    _get_argv_nomalloc.o(.text) refers to defsig_rtmem_outer.o(.text) for __rt_SIGRTMEM
    _get_argv_nomalloc.o(.text) refers to sys_command.o(.text) for _sys_command_string
    libshutdown.o(.ARM.Collect$$libshutdown$$00000000) refers (Special) to libshutdown2.o(.ARM.Collect$$libshutdown$$00000006) for __rt_lib_shutdown_fp_trap_1
    libshutdown.o(.ARM.Collect$$libshutdown$$00000000) refers (Special) to libshutdown2.o(.ARM.Collect$$libshutdown$$0000000E) for __rt_lib_shutdown_heap_1
    libshutdown.o(.ARM.Collect$$libshutdown$$00000000) refers (Special) to libshutdown2.o(.ARM.Collect$$libshutdown$$0000000F) for __rt_lib_shutdown_return
    libshutdown.o(.ARM.Collect$$libshutdown$$00000000) refers (Special) to libshutdown2.o(.ARM.Collect$$libshutdown$$00000009) for __rt_lib_shutdown_signal_1
    libshutdown.o(.ARM.Collect$$libshutdown$$00000000) refers (Special) to libshutdown2.o(.ARM.Collect$$libshutdown$$00000003) for __rt_lib_shutdown_stdio_1
    libshutdown.o(.ARM.Collect$$libshutdown$$00000000) refers (Special) to libshutdown2.o(.ARM.Collect$$libshutdown$$0000000B) for __rt_lib_shutdown_user_alloc_1
    sys_command.o(.text) refers (Special) to use_no_semi.o(.text) for __I$use$semihosting
    sys_command.o(.text) refers (Special) to indicate_semi.o(.text) for __semihosting_library_function
    defsig_abrt_inner.o(.text) refers to defsig_general.o(.text) for __default_signal_display
    defsig_rtred_inner.o(.text) refers to defsig_general.o(.text) for __default_signal_display
    defsig_rtmem_inner.o(.text) refers to defsig_general.o(.text) for __default_signal_display
    defsig_rtmem_outer.o(.text) refers to defsig_rtmem_inner.o(.text) for __rt_SIGRTMEM_inner
    defsig_rtmem_outer.o(.text) refers to defsig_exit.o(.text) for __sig_exit
    defsig_rtmem_formal.o(.text) refers to rt_raise.o(.text) for __rt_raise
    defsig_stak_inner.o(.text) refers to defsig_general.o(.text) for __default_signal_display
    defsig_pvfn_inner.o(.text) refers to defsig_general.o(.text) for __default_signal_display
    defsig_cppl_inner.o(.text) refers to defsig_general.o(.text) for __default_signal_display
    defsig_segv_inner.o(.text) refers to defsig_general.o(.text) for __default_signal_display
    defsig_other.o(.text) refers to defsig_general.o(.text) for __default_signal_display


==============================================================================

Removing Unused input sections from the image.

    Removing tp_open1768.o(.rev16_text), (4 bytes).
    Removing tp_open1768.o(.revsh_text), (4 bytes).
    Removing tp_open1768.o(.rrx_text), (6 bytes).
    Removing lcd_ili9325.o(.rev16_text), (4 bytes).
    Removing lcd_ili9325.o(.revsh_text), (4 bytes).
    Removing lcd_ili9325.o(.rrx_text), (6 bytes).
    Removing open1768_lcd.o(.rev16_text), (4 bytes).
    Removing open1768_lcd.o(.revsh_text), (4 bytes).
    Removing open1768_lcd.o(.rrx_text), (6 bytes).
    Removing open1768_lcd.o(i.lcdRead), (60 bytes).
    Removing open1768_lcd.o(i.lcdReadData), (44 bytes).
    Removing open1768_lcd.o(i.lcdReadReg), (14 bytes).
    Removing interrupt_handler.o(.rev16_text), (4 bytes).
    Removing interrupt_handler.o(.revsh_text), (4 bytes).
    Removing interrupt_handler.o(.rrx_text), (6 bytes).
    Removing game.o(.rev16_text), (4 bytes).
    Removing game.o(.revsh_text), (4 bytes).
    Removing game.o(.rrx_text), (6 bytes).
    Removing main.o(.rev16_text), (4 bytes).
    Removing main.o(.revsh_text), (4 bytes).
    Removing main.o(.rrx_text), (6 bytes).
    Removing renderer.o(.rev16_text), (4 bytes).
    Removing renderer.o(.revsh_text), (4 bytes).
    Removing renderer.o(.rrx_text), (6 bytes).
    Removing renderer.o(i.DrawCoor), (160 bytes).
    Removing renderer.o(i.DrawPoint), (104 bytes).
    Removing buttons_open1768.o(.rev16_text), (4 bytes).
    Removing buttons_open1768.o(.revsh_text), (4 bytes).
    Removing buttons_open1768.o(.rrx_text), (6 bytes).
    Removing buttons_open1768.o(i.Buttons_GetCount), (4 bytes).
    Removing buttons_open1768.o(i.Buttons_GetState), (34 bytes).
    Removing buttons_open1768.o(i.Buttons_Initialize), (60 bytes).
    Removing buttons_open1768.o(i.Buttons_Uninitialize), (44 bytes).
    Removing buttons_open1768.o(.constdata), (4 bytes).
    Removing joystick_open1768.o(.rev16_text), (4 bytes).
    Removing joystick_open1768.o(.revsh_text), (4 bytes).
    Removing joystick_open1768.o(.rrx_text), (6 bytes).
    Removing joystick_open1768.o(i.Joystick_GetState), (76 bytes).
    Removing joystick_open1768.o(i.Joystick_Initialize), (60 bytes).
    Removing joystick_open1768.o(i.Joystick_Uninitialize), (44 bytes).
    Removing joystick_open1768.o(.constdata), (10 bytes).
    Removing led_open1768.o(i.LED_GetCount), (4 bytes).
    Removing led_open1768.o(i.LED_Initialize), (72 bytes).
    Removing led_open1768.o(i.LED_Off), (28 bytes).
    Removing led_open1768.o(i.LED_On), (28 bytes).
    Removing led_open1768.o(i.LED_SetOut), (48 bytes).
    Removing led_open1768.o(i.LED_Uninitialize), (44 bytes).
    Removing led_open1768.o(.constdata), (8 bytes).
    Removing gpio_lpc17xx.o(.rev16_text), (4 bytes).
    Removing gpio_lpc17xx.o(.revsh_text), (4 bytes).
    Removing gpio_lpc17xx.o(.rrx_text), (6 bytes).
    Removing gpio_lpc17xx.o(i.GPIO_PinRead), (24 bytes).
    Removing gpio_lpc17xx.o(i.GPIO_PinWrite), (24 bytes).
    Removing gpio_lpc17xx.o(i.GPIO_PortClock), (28 bytes).
    Removing gpio_lpc17xx.o(i.GPIO_PortRead), (16 bytes).
    Removing gpio_lpc17xx.o(i.GPIO_PortWrite), (20 bytes).
    Removing gpio_lpc17xx.o(i.GPIO_SetDir), (32 bytes).
    Removing pin_lpc17xx.o(.rev16_text), (4 bytes).
    Removing pin_lpc17xx.o(.revsh_text), (4 bytes).
    Removing pin_lpc17xx.o(.rrx_text), (6 bytes).
    Removing pin_lpc17xx.o(i.PIN_ConfigureI2C0Pins), (28 bytes).
    Removing pin_lpc17xx.o(i.PIN_ConfigureTPIU), (28 bytes).
    Removing system_lpc17xx.o(.rev16_text), (4 bytes).
    Removing system_lpc17xx.o(.revsh_text), (4 bytes).
    Removing system_lpc17xx.o(.rrx_text), (6 bytes).
    Removing system_lpc17xx.o(i.SystemCoreClockUpdate), (208 bytes).
    Removing system_lpc17xx.o(.data), (4 bytes).

67 unused section(s) (total 1530 bytes) removed from the image.

==============================================================================

Image Symbol Table

    Local Symbols

    Symbol Name                              Value     Ov Type        Size  Object(Section)

    RESET                                    0x00000000   Section      204  startup_lpc17xx.o(RESET)
    ../clib/angel/boardlib.s                 0x00000000   Number         0  boardinit3.o ABSOLUTE
    ../clib/angel/boardlib.s                 0x00000000   Number         0  boardinit2.o ABSOLUTE
    ../clib/angel/boardlib.s                 0x00000000   Number         0  boardshut.o ABSOLUTE
    ../clib/angel/boardlib.s                 0x00000000   Number         0  boardinit1.o ABSOLUTE
    ../clib/angel/handlers.s                 0x00000000   Number         0  __scatter_zi.o ABSOLUTE
    ../clib/angel/handlers.s                 0x00000000   Number         0  __scatter_copy.o ABSOLUTE
    ../clib/angel/kernel.s                   0x00000000   Number         0  __rtentry.o ABSOLUTE
    ../clib/angel/kernel.s                   0x00000000   Number         0  rtexit2.o ABSOLUTE
    ../clib/angel/kernel.s                   0x00000000   Number         0  __rtentry2.o ABSOLUTE
    ../clib/angel/kernel.s                   0x00000000   Number         0  __rtentry4.o ABSOLUTE
    ../clib/angel/kernel.s                   0x00000000   Number         0  rtexit.o ABSOLUTE
    ../clib/angel/rt.s                       0x00000000   Number         0  aeabi_ldiv0_sigfpe.o ABSOLUTE
    ../clib/angel/rt.s                       0x00000000   Number         0  aeabi_ldiv0.o ABSOLUTE
    ../clib/angel/rt.s                       0x00000000   Number         0  rt_raise.o ABSOLUTE
    ../clib/angel/rt.s                       0x00000000   Number         0  rt_div0.o ABSOLUTE
    ../clib/angel/scatter.s                  0x00000000   Number         0  __scatter.o ABSOLUTE
    ../clib/angel/startup.s                  0x00000000   Number         0  __main.o ABSOLUTE
    ../clib/angel/sys.s                      0x00000000   Number         0  indicate_semi.o ABSOLUTE
    ../clib/angel/sys.s                      0x00000000   Number         0  use_no_semi.o ABSOLUTE
    ../clib/angel/sys.s                      0x00000000   Number         0  libspace.o ABSOLUTE
    ../clib/angel/sys.s                      0x00000000   Number         0  sys_stackheap_outer.o ABSOLUTE
    ../clib/angel/sysapp.c                   0x00000000   Number         0  sys_wrch.o ABSOLUTE
    ../clib/angel/sysapp.c                   0x00000000   Number         0  sys_exit.o ABSOLUTE
    ../clib/angel/sysapp.c                   0x00000000   Number         0  sys_command.o ABSOLUTE
    ../clib/armsys.c                         0x00000000   Number         0  argv_veneer.o ABSOLUTE
    ../clib/armsys.c                         0x00000000   Number         0  argv_veneer.o ABSOLUTE
    ../clib/armsys.c                         0x00000000   Number         0  _get_argv_nomalloc.o ABSOLUTE
    ../clib/armsys.c                         0x00000000   Number         0  no_argv.o ABSOLUTE
    ../clib/heapalloc.c                      0x00000000   Number         0  hrguard.o ABSOLUTE
    ../clib/heapaux.c                        0x00000000   Number         0  heapauxi.o ABSOLUTE
    ../clib/libinit.s                        0x00000000   Number         0  libinit.o ABSOLUTE
    ../clib/libinit.s                        0x00000000   Number         0  libinit2.o ABSOLUTE
    ../clib/libinit.s                        0x00000000   Number         0  libshutdown.o ABSOLUTE
    ../clib/libinit.s                        0x00000000   Number         0  libshutdown2.o ABSOLUTE
    ../clib/longlong.s                       0x00000000   Number         0  lludivv7m.o ABSOLUTE
    ../clib/memcpset.s                       0x00000000   Number         0  strcmpv7m.o ABSOLUTE
    ../clib/memcpset.s                       0x00000000   Number         0  rt_memcpy_v6.o ABSOLUTE
    ../clib/memcpset.s                       0x00000000   Number         0  rt_memcpy_w.o ABSOLUTE
    ../clib/misc.s                           0x00000000   Number         0  printf_stubs.o ABSOLUTE
    ../clib/printf.c                         0x00000000   Number         0  __2sprintf.o ABSOLUTE
    ../clib/printf.c                         0x00000000   Number         0  noretval__2sprintf.o ABSOLUTE
    ../clib/printf.c                         0x00000000   Number         0  _printf_intcommon.o ABSOLUTE
    ../clib/printf.c                         0x00000000   Number         0  __printf_nopercent.o ABSOLUTE
    ../clib/printf.c                         0x00000000   Number         0  __printf_flags_wp.o ABSOLUTE
    ../clib/printf.c                         0x00000000   Number         0  __printf_ss_wp.o ABSOLUTE
    ../clib/printf.c                         0x00000000   Number         0  __printf_flags_ss_wp.o ABSOLUTE
    ../clib/printf.c                         0x00000000   Number         0  __printf.o ABSOLUTE
    ../clib/printf.c                         0x00000000   Number         0  _printf_pad.o ABSOLUTE
    ../clib/printf.c                         0x00000000   Number         0  _printf_dec.o ABSOLUTE
    ../clib/printf.c                         0x00000000   Number         0  _sputc.o ABSOLUTE
    ../clib/printf.c                         0x00000000   Number         0  __printf_flags.o ABSOLUTE
    ../clib/printf.c                         0x00000000   Number         0  __printf_ss.o ABSOLUTE
    ../clib/printf.c                         0x00000000   Number         0  __printf_flags_ss.o ABSOLUTE
    ../clib/printf.c                         0x00000000   Number         0  __printf_wp.o ABSOLUTE
    ../clib/printf.c                         0x00000000   Number         0  _printf_char_common.o ABSOLUTE
    ../clib/printf_percent.s                 0x00000000   Number         0  _printf_percent.o ABSOLUTE
    ../clib/printf_percent.s                 0x00000000   Number         0  _printf_d.o ABSOLUTE
    ../clib/printf_percent.s                 0x00000000   Number         0  _printf_percent_end.o ABSOLUTE
    ../clib/signal.c                         0x00000000   Number         0  __raise.o ABSOLUTE
    ../clib/signal.c                         0x00000000   Number         0  defsig_abrt_inner.o ABSOLUTE
    ../clib/signal.c                         0x00000000   Number         0  defsig_fpe_formal.o ABSOLUTE
    ../clib/signal.c                         0x00000000   Number         0  defsig_fpe_outer.o ABSOLUTE
    ../clib/signal.c                         0x00000000   Number         0  defsig_rtmem_inner.o ABSOLUTE
    ../clib/signal.c                         0x00000000   Number         0  defsig_rtmem_outer.o ABSOLUTE
    ../clib/signal.c                         0x00000000   Number         0  defsig_rtmem_formal.o ABSOLUTE
    ../clib/signal.c                         0x00000000   Number         0  defsig_stak_inner.o ABSOLUTE
    ../clib/signal.c                         0x00000000   Number         0  defsig_pvfn_inner.o ABSOLUTE
    ../clib/signal.c                         0x00000000   Number         0  defsig_cppl_inner.o ABSOLUTE
    ../clib/signal.c                         0x00000000   Number         0  defsig_segv_inner.o ABSOLUTE
    ../clib/signal.c                         0x00000000   Number         0  defsig_other.o ABSOLUTE
    ../clib/signal.c                         0x00000000   Number         0  defsig_fpe_inner.o ABSOLUTE
    ../clib/signal.c                         0x00000000   Number         0  defsig_rtred_inner.o ABSOLUTE
    ../clib/signal.c                         0x00000000   Number         0  defsig_exit.o ABSOLUTE
    ../clib/signal.c                         0x00000000   Number         0  defsig_general.o ABSOLUTE
    ../clib/signal.s                         0x00000000   Number         0  defsig.o ABSOLUTE
    ../clib/stdlib.c                         0x00000000   Number         0  exit.o ABSOLUTE
    ../clib/string.c                         0x00000000   Number         0  strncmp.o ABSOLUTE
    ../clib/string.c                         0x00000000   Number         0  strlen.o ABSOLUTE
    ../clib/string.c                         0x00000000   Number         0  strcpy.o ABSOLUTE
    ../fplib/ddiv.s                          0x00000000   Number         0  ddiv.o ABSOLUTE
    ../fplib/dfix.s                          0x00000000   Number         0  dfix.o ABSOLUTE
    ../fplib/dflt.s                          0x00000000   Number         0  dflt_clz.o ABSOLUTE
    ../fplib/dmul.s                          0x00000000   Number         0  dmul.o ABSOLUTE
    ../fplib/dnaninf.s                       0x00000000   Number         0  dnaninf.o ABSOLUTE
    ../fplib/dretinf.s                       0x00000000   Number         0  dretinf.o ABSOLUTE
    ../fplib/fpinit.s                        0x00000000   Number         0  fpinit.o ABSOLUTE
    ../fplib/usenofp.s                       0x00000000   Number         0  usenofp.o ABSOLUTE
    C:\Keil_v5\ARM\PACK\Keil\LPC1700_DFP\2.0.0\RTE_Driver\GPIO_LPC17xx.c 0x00000000   Number         0  gpio_lpc17xx.o ABSOLUTE
    C:\Keil_v5\ARM\PACK\Keil\LPC1700_DFP\2.0.0\RTE_Driver\PIN_LPC17xx.c 0x00000000   Number         0  pin_lpc17xx.o ABSOLUTE
    C:\Keil_v5\ARM\PACK\Keil\LPC1700_Open1768_DFP\2.0.0\Boards\Keil\Open1768\Common\Buttons_Open1768.c 0x00000000   Number         0  buttons_open1768.o ABSOLUTE
    C:\Keil_v5\ARM\PACK\Keil\LPC1700_Open1768_DFP\2.0.0\Boards\Keil\Open1768\Common\Joystick_Open1768.c 0x00000000   Number         0  joystick_open1768.o ABSOLUTE
    C:\Keil_v5\ARM\PACK\Keil\LPC1700_Open1768_DFP\2.0.0\Boards\Keil\Open1768\Common\LED_Open1768.c 0x00000000   Number         0  led_open1768.o ABSOLUTE
    C:\\Keil_v5\\ARM\\PACK\\Keil\\LPC1700_DFP\\2.0.0\\RTE_Driver\\GPIO_LPC17xx.c 0x00000000   Number         0  gpio_lpc17xx.o ABSOLUTE
    C:\\Keil_v5\\ARM\\PACK\\Keil\\LPC1700_DFP\\2.0.0\\RTE_Driver\\PIN_LPC17xx.c 0x00000000   Number         0  pin_lpc17xx.o ABSOLUTE
    C:\\Keil_v5\\ARM\\PACK\\Keil\\LPC1700_Open1768_DFP\\2.0.0\\Boards\\Keil\\Open1768\\Common\\Buttons_Open1768.c 0x00000000   Number         0  buttons_open1768.o ABSOLUTE
    C:\\Keil_v5\\ARM\\PACK\\Keil\\LPC1700_Open1768_DFP\\2.0.0\\Boards\\Keil\\Open1768\\Common\\Joystick_Open1768.c 0x00000000   Number         0  joystick_open1768.o ABSOLUTE
    Game.c                                   0x00000000   Number         0  game.o ABSOLUTE
    Game.c                                   0x00000000   Number         0  game.o ABSOLUTE
    LCD_ILI9325.c                            0x00000000   Number         0  lcd_ili9325.o ABSOLUTE
    LCD_ILI9325.c                            0x00000000   Number         0  lcd_ili9325.o ABSOLUTE
    Open1768_LCD.c                           0x00000000   Number         0  open1768_lcd.o ABSOLUTE
    Open1768_LCD.c                           0x00000000   Number         0  open1768_lcd.o ABSOLUTE
    RTE\Device\LPC1768\startup_LPC17xx.s     0x00000000   Number         0  startup_lpc17xx.o ABSOLUTE
    RTE\Device\LPC1768\system_LPC17xx.c      0x00000000   Number         0  system_lpc17xx.o ABSOLUTE
    RTE\\Device\\LPC1768\\system_LPC17xx.c   0x00000000   Number         0  system_lpc17xx.o ABSOLUTE
    Renderer.c                               0x00000000   Number         0  renderer.o ABSOLUTE
    Renderer.c                               0x00000000   Number         0  renderer.o ABSOLUTE
    TP_Open1768.c                            0x00000000   Number         0  tp_open1768.o ABSOLUTE
    TP_Open1768.c                            0x00000000   Number         0  tp_open1768.o ABSOLUTE
    asciiLib.c                               0x00000000   Number         0  asciilib.o ABSOLUTE
    dc.s                                     0x00000000   Number         0  dc.o ABSOLUTE
    interrupt_handler.c                      0x00000000   Number         0  interrupt_handler.o ABSOLUTE
    interrupt_handler.c                      0x00000000   Number         0  interrupt_handler.o ABSOLUTE
    main.c                                   0x00000000   Number         0  main.o ABSOLUTE
    main.c                                   0x00000000   Number         0  main.o ABSOLUTE
    stack.c                                  0x00000000   Number         0  stack.o ABSOLUTE
    !!!main                                  0x000000cc   Section        8  __main.o(!!!main)
    !!!scatter                               0x000000d4   Section       52  __scatter.o(!!!scatter)
    !!handler_copy                           0x00000108   Section       26  __scatter_copy.o(!!handler_copy)
    !!handler_zi                             0x00000124   Section       28  __scatter_zi.o(!!handler_zi)
    .ARM.Collect$$_printf_percent$$00000000  0x00000140   Section        0  _printf_percent.o(.ARM.Collect$$_printf_percent$$00000000)
    .ARM.Collect$$_printf_percent$$00000009  0x00000140   Section        6  _printf_d.o(.ARM.Collect$$_printf_percent$$00000009)
    .ARM.Collect$$_printf_percent$$00000017  0x00000146   Section        4  _printf_percent_end.o(.ARM.Collect$$_printf_percent$$00000017)
    .ARM.Collect$$libinit$$00000000          0x0000014a   Section        2  libinit.o(.ARM.Collect$$libinit$$00000000)
    .ARM.Collect$$libinit$$00000002          0x0000014c   Section        0  libinit2.o(.ARM.Collect$$libinit$$00000002)
    .ARM.Collect$$libinit$$00000004          0x0000014c   Section        0  libinit2.o(.ARM.Collect$$libinit$$00000004)
    .ARM.Collect$$libinit$$0000000A          0x0000014c   Section        0  libinit2.o(.ARM.Collect$$libinit$$0000000A)
    .ARM.Collect$$libinit$$0000000C          0x0000014c   Section        0  libinit2.o(.ARM.Collect$$libinit$$0000000C)
    .ARM.Collect$$libinit$$0000000E          0x0000014c   Section        0  libinit2.o(.ARM.Collect$$libinit$$0000000E)
    .ARM.Collect$$libinit$$00000011          0x0000014c   Section        0  libinit2.o(.ARM.Collect$$libinit$$00000011)
    .ARM.Collect$$libinit$$00000013          0x0000014c   Section        0  libinit2.o(.ARM.Collect$$libinit$$00000013)
    .ARM.Collect$$libinit$$00000015          0x0000014c   Section        0  libinit2.o(.ARM.Collect$$libinit$$00000015)
    .ARM.Collect$$libinit$$00000017          0x0000014c   Section        0  libinit2.o(.ARM.Collect$$libinit$$00000017)
    .ARM.Collect$$libinit$$00000019          0x0000014c   Section        0  libinit2.o(.ARM.Collect$$libinit$$00000019)
    .ARM.Collect$$libinit$$0000001B          0x0000014c   Section        0  libinit2.o(.ARM.Collect$$libinit$$0000001B)
    .ARM.Collect$$libinit$$0000001D          0x0000014c   Section        0  libinit2.o(.ARM.Collect$$libinit$$0000001D)
    .ARM.Collect$$libinit$$0000001F          0x0000014c   Section        0  libinit2.o(.ARM.Collect$$libinit$$0000001F)
    .ARM.Collect$$libinit$$00000021          0x0000014c   Section        0  libinit2.o(.ARM.Collect$$libinit$$00000021)
    .ARM.Collect$$libinit$$00000023          0x0000014c   Section        0  libinit2.o(.ARM.Collect$$libinit$$00000023)
    .ARM.Collect$$libinit$$00000025          0x0000014c   Section        0  libinit2.o(.ARM.Collect$$libinit$$00000025)
    .ARM.Collect$$libinit$$0000002C          0x0000014c   Section        0  libinit2.o(.ARM.Collect$$libinit$$0000002C)
    .ARM.Collect$$libinit$$0000002E          0x0000014c   Section        0  libinit2.o(.ARM.Collect$$libinit$$0000002E)
    .ARM.Collect$$libinit$$00000030          0x0000014c   Section        0  libinit2.o(.ARM.Collect$$libinit$$00000030)
    .ARM.Collect$$libinit$$00000032          0x0000014c   Section        0  libinit2.o(.ARM.Collect$$libinit$$00000032)
    .ARM.Collect$$libinit$$00000033          0x0000014c   Section        2  libinit2.o(.ARM.Collect$$libinit$$00000033)
    .ARM.Collect$$libshutdown$$00000000      0x0000014e   Section        2  libshutdown.o(.ARM.Collect$$libshutdown$$00000000)
    .ARM.Collect$$libshutdown$$00000003      0x00000150   Section        0  libshutdown2.o(.ARM.Collect$$libshutdown$$00000003)
    .ARM.Collect$$libshutdown$$00000006      0x00000150   Section        0  libshutdown2.o(.ARM.Collect$$libshutdown$$00000006)
    .ARM.Collect$$libshutdown$$00000009      0x00000150   Section        0  libshutdown2.o(.ARM.Collect$$libshutdown$$00000009)
    .ARM.Collect$$libshutdown$$0000000B      0x00000150   Section        0  libshutdown2.o(.ARM.Collect$$libshutdown$$0000000B)
    .ARM.Collect$$libshutdown$$0000000E      0x00000150   Section        0  libshutdown2.o(.ARM.Collect$$libshutdown$$0000000E)
    .ARM.Collect$$libshutdown$$0000000F      0x00000150   Section        2  libshutdown2.o(.ARM.Collect$$libshutdown$$0000000F)
    .ARM.Collect$$rtentry$$00000000          0x00000152   Section        0  __rtentry.o(.ARM.Collect$$rtentry$$00000000)
    .ARM.Collect$$rtentry$$00000002          0x00000152   Section        0  __rtentry2.o(.ARM.Collect$$rtentry$$00000002)
    .ARM.Collect$$rtentry$$00000004          0x00000152   Section        6  __rtentry4.o(.ARM.Collect$$rtentry$$00000004)
    .ARM.Collect$$rtentry$$00000009          0x00000158   Section        0  __rtentry2.o(.ARM.Collect$$rtentry$$00000009)
    .ARM.Collect$$rtentry$$0000000A          0x00000158   Section        4  __rtentry2.o(.ARM.Collect$$rtentry$$0000000A)
    .ARM.Collect$$rtentry$$0000000C          0x0000015c   Section        0  __rtentry2.o(.ARM.Collect$$rtentry$$0000000C)
    .ARM.Collect$$rtentry$$0000000D          0x0000015c   Section        8  __rtentry2.o(.ARM.Collect$$rtentry$$0000000D)
    .ARM.Collect$$rtexit$$00000000           0x00000164   Section        2  rtexit.o(.ARM.Collect$$rtexit$$00000000)
    .ARM.Collect$$rtexit$$00000002           0x00000166   Section        0  rtexit2.o(.ARM.Collect$$rtexit$$00000002)
    .ARM.Collect$$rtexit$$00000003           0x00000166   Section        4  rtexit2.o(.ARM.Collect$$rtexit$$00000003)
    .ARM.Collect$$rtexit$$00000004           0x0000016a   Section        6  rtexit2.o(.ARM.Collect$$rtexit$$00000004)
    .text                                    0x00000170   Section       60  startup_lpc17xx.o(.text)
    .text                                    0x000001ac   Section        0  noretval__2sprintf.o(.text)
    .text                                    0x000001d4   Section        0  _printf_dec.o(.text)
    .text                                    0x0000024c   Section        0  strcpy.o(.text)
    .text                                    0x00000294   Section        0  strlen.o(.text)
    .text                                    0x000002d2   Section        0  heapauxi.o(.text)
    .text                                    0x000002d8   Section        0  _sputc.o(.text)
    .text                                    0x000002e2   Section        0  exit.o(.text)
    .text                                    0x000002f0   Section        8  libspace.o(.text)
    .text                                    0x000002f8   Section        2  use_no_semi.o(.text)
    .text                                    0x000002fa   Section        0  indicate_semi.o(.text)
    x$fpl$usenofp                            0x000002fa   Section        0  usenofp.o(x$fpl$usenofp)
    .ARM.__at_0x02FC                         0x000002fc   Section        4  startup_lpc17xx.o(.ARM.__at_0x02FC)
    .text                                    0x00000300   Section        0  __printf_wp.o(.text)
    .text                                    0x0000040e   Section        0  strncmp.o(.text)
    .text                                    0x000004a4   Section      138  rt_memcpy_v6.o(.text)
    .text                                    0x00000530   Section      128  strcmpv7m.o(.text)
    .text                                    0x000005b0   Section        0  _printf_intcommon.o(.text)
    .text                                    0x00000664   Section        0  _printf_char_common.o(.text)
    _printf_input_char                       0x00000665   Thumb Code    10  _printf_char_common.o(.text)
    .text                                    0x00000694   Section      100  rt_memcpy_w.o(.text)
    .text                                    0x000006f8   Section       74  sys_stackheap_outer.o(.text)
    .text                                    0x00000744   Section        0  sys_exit.o(.text)
    i.ClearBoard                             0x00000750   Section        0  renderer.o(i.ClearBoard)
    i.DrawBoard                              0x0000077a   Section        0  renderer.o(i.DrawBoard)
    i.DrawBox                                0x000007b8   Section        0  renderer.o(i.DrawBox)
    i.DrawButton                             0x00000810   Section        0  renderer.o(i.DrawButton)
    i.DrawChar                               0x000008a4   Section        0  renderer.o(i.DrawChar)
    i.DrawSquare                             0x00000904   Section        0  renderer.o(i.DrawSquare)
    i.DrawString                             0x0000094e   Section        0  renderer.o(i.DrawString)
    i.EINT3_IRQHandler                       0x00000988   Section        0  interrupt_handler.o(i.EINT3_IRQHandler)
    i.GetASCIICode                           0x00000a00   Section        0  asciilib.o(i.GetASCIICode)
    i.LPC17xx_SPI_SetSpeed                   0x00000a24   Section        0  tp_open1768.o(i.LPC17xx_SPI_SetSpeed)
    i.NVIC_EnableIRQ                         0x00000a38   Section        0  game.o(i.NVIC_EnableIRQ)
    NVIC_EnableIRQ                           0x00000a39   Thumb Code    22  game.o(i.NVIC_EnableIRQ)
    i.PIN_Configure                          0x00000a50   Section        0  pin_lpc17xx.o(i.PIN_Configure)
    i.ShowMessage                            0x00000ab8   Section        0  renderer.o(i.ShowMessage)
    i.SystemInit                             0x00000b20   Section        0  system_lpc17xx.o(i.SystemInit)
    i.UART0_IRQHandler                       0x00000bec   Section        0  interrupt_handler.o(i.UART0_IRQHandler)
    i._is_digit                              0x00000c40   Section        0  __printf_wp.o(i._is_digit)
    i.checkForGameEnd                        0x00000c50   Section        0  game.o(i.checkForGameEnd)
    i.checkForHit                            0x00000c8c   Section        0  game.o(i.checkForHit)
    i.delay_ms                               0x00000d7c   Section        0  open1768_lcd.o(i.delay_ms)
    i.drawShots                              0x00000d98   Section        0  game.o(i.drawShots)
    i.empty                                  0x00000e0e   Section        0  stack.o(i.empty)
    i.handleTurn                             0x00000e1c   Section        0  game.o(i.handleTurn)
    i.init                                   0x00000f60   Section        0  game.o(i.init)
    i.init_ILI9325                           0x000011f0   Section        0  lcd_ili9325.o(i.init_ILI9325)
    i.lcdConfiguration                       0x000013c8   Section        0  open1768_lcd.o(i.lcdConfiguration)
    i.lcdSend                                0x000013ec   Section        0  open1768_lcd.o(i.lcdSend)
    i.lcdSetCursor                           0x00001414   Section        0  open1768_lcd.o(i.lcdSetCursor)
    i.lcdWriteData                           0x0000142c   Section        0  open1768_lcd.o(i.lcdWriteData)
    i.lcdWriteIndex                          0x00001454   Section        0  open1768_lcd.o(i.lcdWriteIndex)
    i.lcdWriteReg                            0x00001484   Section        0  open1768_lcd.o(i.lcdWriteReg)
    i.main                                   0x00001498   Section        0  main.o(i.main)
    i.obsluzDotyk                            0x000014b8   Section        0  game.o(i.obsluzDotyk)
    i.pop                                    0x000017f0   Section        0  stack.o(i.pop)
    i.push                                   0x0000180e   Section        0  stack.o(i.push)
    i.run                                    0x00001828   Section        0  game.o(i.run)
    i.rysujStatki                            0x000019fc   Section        0  game.o(i.rysujStatki)
    i.sendShot                               0x00001a74   Section        0  game.o(i.sendShot)
    i.sendString                             0x00001a98   Section        0  interrupt_handler.o(i.sendString)
    i.touchpanelDelayUS                      0x00001ab4   Section        0  tp_open1768.o(i.touchpanelDelayUS)
    touchpanelDelayUS                        0x00001ab5   Thumb Code    38  tp_open1768.o(i.touchpanelDelayUS)
    i.touchpanelDriverDataBusInit            0x00001adc   Section        0  tp_open1768.o(i.touchpanelDriverDataBusInit)
    touchpanelDriverDataBusInit              0x00001add   Thumb Code    86  tp_open1768.o(i.touchpanelDriverDataBusInit)
    i.touchpanelGetXY                        0x00001b40   Section        0  tp_open1768.o(i.touchpanelGetXY)
    i.touchpanelInit                         0x00001b5c   Section        0  tp_open1768.o(i.touchpanelInit)
    i.touchpanelReadAddress                  0x00001b7c   Section        0  tp_open1768.o(i.touchpanelReadAddress)
    touchpanelReadAddress                    0x00001b7d   Thumb Code    36  tp_open1768.o(i.touchpanelReadAddress)
    i.touchpanelReadX                        0x00001ba0   Section        0  tp_open1768.o(i.touchpanelReadX)
    i.touchpanelReadY                        0x00001bc8   Section        0  tp_open1768.o(i.touchpanelReadY)
    i.touchpanelWriteCmd                     0x00001bf0   Section        0  tp_open1768.o(i.touchpanelWriteCmd)
    touchpanelWriteCmd                       0x00001bf1   Thumb Code    28  tp_open1768.o(i.touchpanelWriteCmd)
    i.ustawStatek                            0x00001c10   Section        0  game.o(i.ustawStatek)
    i.wait_delay                             0x00001d50   Section        0  open1768_lcd.o(i.wait_delay)
    x$fpl$ddiv                               0x00001d60   Section      688  ddiv.o(x$fpl$ddiv)
    ddiv_entry                               0x00001d67   Thumb Code     0  ddiv.o(x$fpl$ddiv)
    x$fpl$dfix                               0x00002010   Section       94  dfix.o(x$fpl$dfix)
    x$fpl$dflt                               0x0000206e   Section       46  dflt_clz.o(x$fpl$dflt)
    x$fpl$dmul                               0x0000209c   Section      340  dmul.o(x$fpl$dmul)
    x$fpl$dnaninf                            0x000021f0   Section      156  dnaninf.o(x$fpl$dnaninf)
    x$fpl$dretinf                            0x0000228c   Section       12  dretinf.o(x$fpl$dretinf)
    .constdata                               0x00002298   Section     3040  asciilib.o(.constdata)
    AsciiLib                                 0x00002298   Data        3040  asciilib.o(.constdata)
    .data                                    0x10000000   Section        4  interrupt_handler.o(.data)
    .data                                    0x10000004   Section       18  game.o(.data)
    fixedX                                   0x10000006   Data           2  game.o(.data)
    fixedY                                   0x10000008   Data           2  game.o(.data)
    .bss                                     0x10000018   Section       16  interrupt_handler.o(.bss)
    .bss                                     0x10000028   Section      160  main.o(.bss)
    .bss                                     0x100000c8   Section       22  stack.o(.bss)
    .bss                                     0x100000e0   Section       96  libspace.o(.bss)
    HEAP                                     0x10000140   Section        0  startup_lpc17xx.o(HEAP)
    STACK                                    0x10000140   Section     8192  startup_lpc17xx.o(STACK)
    Heap_Mem                                 0x10000140   Data           0  startup_lpc17xx.o(HEAP)
    Stack_Mem                                0x10000140   Data        8192  startup_lpc17xx.o(STACK)
    __initial_sp                             0x10002140   Data           0  startup_lpc17xx.o(STACK)

    Global Symbols

    Symbol Name                              Value     Ov Type        Size  Object(Section)

    BuildAttributes$$THM_ISAv4$P$D$K$B$S$PE$A:L22UL41UL21$X:L11$S22US41US21$IEEE1$IW$USESV6$~STKCKD$USESV7$~SHL$OSPACE$ROPI$EBA8$UX$STANDARDLIB$REQ8$PRES8$EABIv2 0x00000000   Number         0  anon$$obj.o ABSOLUTE
    __ARM_use_no_argv                        0x00000000   Number         0  main.o ABSOLUTE
    __Vectors                                0x00000000   Data           4  startup_lpc17xx.o(RESET)
    _printf_flags                            0x00000000   Number         0  printf_stubs.o ABSOLUTE
    _printf_return_value                     0x00000000   Number         0  printf_stubs.o ABSOLUTE
    _printf_sizespec                         0x00000000   Number         0  printf_stubs.o ABSOLUTE
    _printf_widthprec                        0x00000000   Number         0  printf_stubs.o ABSOLUTE
    __ARM_exceptions_init                     - Undefined Weak Reference
    __alloca_initialize                       - Undefined Weak Reference
    __arm_preinit_                            - Undefined Weak Reference
    __cpp_initialize__aeabi_                  - Undefined Weak Reference
    __cxa_finalize                            - Undefined Weak Reference
    __rt_locale                               - Undefined Weak Reference
    __sigvec_lookup                           - Undefined Weak Reference
    _atexit_init                              - Undefined Weak Reference
    _call_atexit_fns                          - Undefined Weak Reference
    _clock_init                               - Undefined Weak Reference
    _fp_trap_init                             - Undefined Weak Reference
    _fp_trap_shutdown                         - Undefined Weak Reference
    _get_lc_collate                           - Undefined Weak Reference
    _get_lc_ctype                             - Undefined Weak Reference
    _get_lc_monetary                          - Undefined Weak Reference
    _get_lc_numeric                           - Undefined Weak Reference
    _get_lc_time                              - Undefined Weak Reference
    _getenv_init                              - Undefined Weak Reference
    _handle_redirection                       - Undefined Weak Reference
    _init_alloc                               - Undefined Weak Reference
    _init_user_alloc                          - Undefined Weak Reference
    _initio                                   - Undefined Weak Reference
    _printf_truncate_signed                   - Undefined Weak Reference
    _printf_truncate_unsigned                 - Undefined Weak Reference
    _rand_init                                - Undefined Weak Reference
    _signal_finish                            - Undefined Weak Reference
    _signal_init                              - Undefined Weak Reference
    _terminate_alloc                          - Undefined Weak Reference
    _terminate_user_alloc                     - Undefined Weak Reference
    _terminateio                              - Undefined Weak Reference
    __main                                   0x000000cd   Thumb Code     8  __main.o(!!!main)
    __scatterload                            0x000000d5   Thumb Code     0  __scatter.o(!!!scatter)
    __scatterload_rt2                        0x000000d5   Thumb Code    44  __scatter.o(!!!scatter)
    __scatterload_rt2_thumb_only             0x000000d5   Thumb Code     0  __scatter.o(!!!scatter)
    __scatterload_null                       0x000000e3   Thumb Code     0  __scatter.o(!!!scatter)
    __scatterload_copy                       0x00000109   Thumb Code    26  __scatter_copy.o(!!handler_copy)
    __scatterload_zeroinit                   0x00000125   Thumb Code    28  __scatter_zi.o(!!handler_zi)
    _printf_d                                0x00000141   Thumb Code     0  _printf_d.o(.ARM.Collect$$_printf_percent$$00000009)
    _printf_percent                          0x00000141   Thumb Code     0  _printf_percent.o(.ARM.Collect$$_printf_percent$$00000000)
    _printf_percent_end                      0x00000147   Thumb Code     0  _printf_percent_end.o(.ARM.Collect$$_printf_percent$$00000017)
    __rt_lib_init                            0x0000014b   Thumb Code     0  libinit.o(.ARM.Collect$$libinit$$00000000)
    __rt_lib_init_alloca_1                   0x0000014d   Thumb Code     0  libinit2.o(.ARM.Collect$$libinit$$0000002E)
    __rt_lib_init_argv_1                     0x0000014d   Thumb Code     0  libinit2.o(.ARM.Collect$$libinit$$0000002C)
    __rt_lib_init_atexit_1                   0x0000014d   Thumb Code     0  libinit2.o(.ARM.Collect$$libinit$$0000001B)
    __rt_lib_init_clock_1                    0x0000014d   Thumb Code     0  libinit2.o(.ARM.Collect$$libinit$$00000021)
    __rt_lib_init_cpp_1                      0x0000014d   Thumb Code     0  libinit2.o(.ARM.Collect$$libinit$$00000032)
    __rt_lib_init_exceptions_1               0x0000014d   Thumb Code     0  libinit2.o(.ARM.Collect$$libinit$$00000030)
    __rt_lib_init_fp_1                       0x0000014d   Thumb Code     0  libinit2.o(.ARM.Collect$$libinit$$00000002)
    __rt_lib_init_fp_trap_1                  0x0000014d   Thumb Code     0  libinit2.o(.ARM.Collect$$libinit$$0000001F)
    __rt_lib_init_getenv_1                   0x0000014d   Thumb Code     0  libinit2.o(.ARM.Collect$$libinit$$00000023)
    __rt_lib_init_heap_1                     0x0000014d   Thumb Code     0  libinit2.o(.ARM.Collect$$libinit$$0000000A)
    __rt_lib_init_lc_collate_1               0x0000014d   Thumb Code     0  libinit2.o(.ARM.Collect$$libinit$$00000011)
    __rt_lib_init_lc_ctype_1                 0x0000014d   Thumb Code     0  libinit2.o(.ARM.Collect$$libinit$$00000013)
    __rt_lib_init_lc_monetary_1              0x0000014d   Thumb Code     0  libinit2.o(.ARM.Collect$$libinit$$00000015)
    __rt_lib_init_lc_numeric_1               0x0000014d   Thumb Code     0  libinit2.o(.ARM.Collect$$libinit$$00000017)
    __rt_lib_init_lc_time_1                  0x0000014d   Thumb Code     0  libinit2.o(.ARM.Collect$$libinit$$00000019)
    __rt_lib_init_preinit_1                  0x0000014d   Thumb Code     0  libinit2.o(.ARM.Collect$$libinit$$00000004)
    __rt_lib_init_rand_1                     0x0000014d   Thumb Code     0  libinit2.o(.ARM.Collect$$libinit$$0000000E)
    __rt_lib_init_return                     0x0000014d   Thumb Code     0  libinit2.o(.ARM.Collect$$libinit$$00000033)
    __rt_lib_init_signal_1                   0x0000014d   Thumb Code     0  libinit2.o(.ARM.Collect$$libinit$$0000001D)
    __rt_lib_init_stdio_1                    0x0000014d   Thumb Code     0  libinit2.o(.ARM.Collect$$libinit$$00000025)
    __rt_lib_init_user_alloc_1               0x0000014d   Thumb Code     0  libinit2.o(.ARM.Collect$$libinit$$0000000C)
    __rt_lib_shutdown                        0x0000014f   Thumb Code     0  libshutdown.o(.ARM.Collect$$libshutdown$$00000000)
    __rt_lib_shutdown_fp_trap_1              0x00000151   Thumb Code     0  libshutdown2.o(.ARM.Collect$$libshutdown$$00000006)
    __rt_lib_shutdown_heap_1                 0x00000151   Thumb Code     0  libshutdown2.o(.ARM.Collect$$libshutdown$$0000000E)
    __rt_lib_shutdown_return                 0x00000151   Thumb Code     0  libshutdown2.o(.ARM.Collect$$libshutdown$$0000000F)
    __rt_lib_shutdown_signal_1               0x00000151   Thumb Code     0  libshutdown2.o(.ARM.Collect$$libshutdown$$00000009)
    __rt_lib_shutdown_stdio_1                0x00000151   Thumb Code     0  libshutdown2.o(.ARM.Collect$$libshutdown$$00000003)
    __rt_lib_shutdown_user_alloc_1           0x00000151   Thumb Code     0  libshutdown2.o(.ARM.Collect$$libshutdown$$0000000B)
    __rt_entry                               0x00000153   Thumb Code     0  __rtentry.o(.ARM.Collect$$rtentry$$00000000)
    __rt_entry_presh_1                       0x00000153   Thumb Code     0  __rtentry2.o(.ARM.Collect$$rtentry$$00000002)
    __rt_entry_sh                            0x00000153   Thumb Code     0  __rtentry4.o(.ARM.Collect$$rtentry$$00000004)
    __rt_entry_li                            0x00000159   Thumb Code     0  __rtentry2.o(.ARM.Collect$$rtentry$$0000000A)
    __rt_entry_postsh_1                      0x00000159   Thumb Code     0  __rtentry2.o(.ARM.Collect$$rtentry$$00000009)
    __rt_entry_main                          0x0000015d   Thumb Code     0  __rtentry2.o(.ARM.Collect$$rtentry$$0000000D)
    __rt_entry_postli_1                      0x0000015d   Thumb Code     0  __rtentry2.o(.ARM.Collect$$rtentry$$0000000C)
    __rt_exit                                0x00000165   Thumb Code     0  rtexit.o(.ARM.Collect$$rtexit$$00000000)
    __rt_exit_ls                             0x00000167   Thumb Code     0  rtexit2.o(.ARM.Collect$$rtexit$$00000003)
    __rt_exit_prels_1                        0x00000167   Thumb Code     0  rtexit2.o(.ARM.Collect$$rtexit$$00000002)
    __rt_exit_exit                           0x0000016b   Thumb Code     0  rtexit2.o(.ARM.Collect$$rtexit$$00000004)
    Reset_Handler                            0x00000171   Thumb Code     8  startup_lpc17xx.o(.text)
    NMI_Handler                              0x00000179   Thumb Code     2  startup_lpc17xx.o(.text)
    HardFault_Handler                        0x0000017b   Thumb Code     2  startup_lpc17xx.o(.text)
    MemManage_Handler                        0x0000017d   Thumb Code     2  startup_lpc17xx.o(.text)
    BusFault_Handler                         0x0000017f   Thumb Code     2  startup_lpc17xx.o(.text)
    UsageFault_Handler                       0x00000181   Thumb Code     2  startup_lpc17xx.o(.text)
    SVC_Handler                              0x00000183   Thumb Code     2  startup_lpc17xx.o(.text)
    DebugMon_Handler                         0x00000185   Thumb Code     2  startup_lpc17xx.o(.text)
    PendSV_Handler                           0x00000187   Thumb Code     2  startup_lpc17xx.o(.text)
    SysTick_Handler                          0x00000189   Thumb Code     2  startup_lpc17xx.o(.text)
    ADC_IRQHandler                           0x0000018b   Thumb Code     0  startup_lpc17xx.o(.text)
    BOD_IRQHandler                           0x0000018b   Thumb Code     0  startup_lpc17xx.o(.text)
    CANActivity_IRQHandler                   0x0000018b   Thumb Code     0  startup_lpc17xx.o(.text)
    CAN_IRQHandler                           0x0000018b   Thumb Code     0  startup_lpc17xx.o(.text)
    DMA_IRQHandler                           0x0000018b   Thumb Code     0  startup_lpc17xx.o(.text)
    EINT0_IRQHandler                         0x0000018b   Thumb Code     0  startup_lpc17xx.o(.text)
    EINT1_IRQHandler                         0x0000018b   Thumb Code     0  startup_lpc17xx.o(.text)
    EINT2_IRQHandler                         0x0000018b   Thumb Code     0  startup_lpc17xx.o(.text)
    ENET_IRQHandler                          0x0000018b   Thumb Code     0  startup_lpc17xx.o(.text)
    I2C0_IRQHandler                          0x0000018b   Thumb Code     0  startup_lpc17xx.o(.text)
    I2C1_IRQHandler                          0x0000018b   Thumb Code     0  startup_lpc17xx.o(.text)
    I2C2_IRQHandler                          0x0000018b   Thumb Code     0  startup_lpc17xx.o(.text)
    I2S_IRQHandler                           0x0000018b   Thumb Code     0  startup_lpc17xx.o(.text)
    MCPWM_IRQHandler                         0x0000018b   Thumb Code     0  startup_lpc17xx.o(.text)
    PLL0_IRQHandler                          0x0000018b   Thumb Code     0  startup_lpc17xx.o(.text)
    PLL1_IRQHandler                          0x0000018b   Thumb Code     0  startup_lpc17xx.o(.text)
    PWM1_IRQHandler                          0x0000018b   Thumb Code     0  startup_lpc17xx.o(.text)
    QEI_IRQHandler                           0x0000018b   Thumb Code     0  startup_lpc17xx.o(.text)
    RIT_IRQHandler                           0x0000018b   Thumb Code     0  startup_lpc17xx.o(.text)
    RTC_IRQHandler                           0x0000018b   Thumb Code     0  startup_lpc17xx.o(.text)
    SPI_IRQHandler                           0x0000018b   Thumb Code     0  startup_lpc17xx.o(.text)
    SSP0_IRQHandler                          0x0000018b   Thumb Code     0  startup_lpc17xx.o(.text)
    SSP1_IRQHandler                          0x0000018b   Thumb Code     0  startup_lpc17xx.o(.text)
    TIMER0_IRQHandler                        0x0000018b   Thumb Code     0  startup_lpc17xx.o(.text)
    TIMER1_IRQHandler                        0x0000018b   Thumb Code     0  startup_lpc17xx.o(.text)
    TIMER2_IRQHandler                        0x0000018b   Thumb Code     0  startup_lpc17xx.o(.text)
    TIMER3_IRQHandler                        0x0000018b   Thumb Code     0  startup_lpc17xx.o(.text)
    UART1_IRQHandler                         0x0000018b   Thumb Code     0  startup_lpc17xx.o(.text)
    UART2_IRQHandler                         0x0000018b   Thumb Code     0  startup_lpc17xx.o(.text)
    UART3_IRQHandler                         0x0000018b   Thumb Code     0  startup_lpc17xx.o(.text)
    USBActivity_IRQHandler                   0x0000018b   Thumb Code     0  startup_lpc17xx.o(.text)
    USB_IRQHandler                           0x0000018b   Thumb Code     0  startup_lpc17xx.o(.text)
    WDT_IRQHandler                           0x0000018b   Thumb Code     0  startup_lpc17xx.o(.text)
    __user_initial_stackheap                 0x0000018d   Thumb Code     0  startup_lpc17xx.o(.text)
    __2sprintf                               0x000001ad   Thumb Code    34  noretval__2sprintf.o(.text)
    _printf_int_dec                          0x000001d5   Thumb Code   104  _printf_dec.o(.text)
    strcpy                                   0x0000024d   Thumb Code    72  strcpy.o(.text)
    strlen                                   0x00000295   Thumb Code    62  strlen.o(.text)
    __use_two_region_memory                  0x000002d3   Thumb Code     2  heapauxi.o(.text)
    __rt_heap_escrow$2region                 0x000002d5   Thumb Code     2  heapauxi.o(.text)
    __rt_heap_expand$2region                 0x000002d7   Thumb Code     2  heapauxi.o(.text)
    _sputc                                   0x000002d9   Thumb Code    10  _sputc.o(.text)
    exit                                     0x000002e3   Thumb Code    12  exit.o(.text)
    __user_libspace                          0x000002f1   Thumb Code     8  libspace.o(.text)
    __user_perproc_libspace                  0x000002f1   Thumb Code     0  libspace.o(.text)
    __user_perthread_libspace                0x000002f1   Thumb Code     0  libspace.o(.text)
    __I$use$semihosting                      0x000002f9   Thumb Code     0  use_no_semi.o(.text)
    __use_no_semihosting_swi                 0x000002f9   Thumb Code     2  use_no_semi.o(.text)
    __I$use$fp                               0x000002fa   Number         0  usenofp.o(x$fpl$usenofp)
    __semihosting_library_function           0x000002fb   Thumb Code     0  indicate_semi.o(.text)
    __printf                                 0x00000301   Thumb Code   270  __printf_wp.o(.text)
    strncmp                                  0x0000040f   Thumb Code   150  strncmp.o(.text)
    __aeabi_memcpy                           0x000004a5   Thumb Code     0  rt_memcpy_v6.o(.text)
    __rt_memcpy                              0x000004a5   Thumb Code   138  rt_memcpy_v6.o(.text)
    _memcpy_lastbytes                        0x0000050b   Thumb Code     0  rt_memcpy_v6.o(.text)
    strcmp                                   0x00000531   Thumb Code   128  strcmpv7m.o(.text)
    _printf_int_common                       0x000005b1   Thumb Code   178  _printf_intcommon.o(.text)
    _printf_char_common                      0x0000066f   Thumb Code    32  _printf_char_common.o(.text)
    __aeabi_memcpy4                          0x00000695   Thumb Code     0  rt_memcpy_w.o(.text)
    __aeabi_memcpy8                          0x00000695   Thumb Code     0  rt_memcpy_w.o(.text)
    __rt_memcpy_w                            0x00000695   Thumb Code   100  rt_memcpy_w.o(.text)
    _memcpy_lastbytes_aligned                0x000006dd   Thumb Code     0  rt_memcpy_w.o(.text)
    __user_setup_stackheap                   0x000006f9   Thumb Code    74  sys_stackheap_outer.o(.text)
    _sys_exit                                0x00000745   Thumb Code     8  sys_exit.o(.text)
    ClearBoard                               0x00000751   Thumb Code    42  renderer.o(i.ClearBoard)
    DrawBoard                                0x0000077b   Thumb Code    62  renderer.o(i.DrawBoard)
    DrawBox                                  0x000007b9   Thumb Code    88  renderer.o(i.DrawBox)
    DrawButton                               0x00000811   Thumb Code   148  renderer.o(i.DrawButton)
    DrawChar                                 0x000008a5   Thumb Code    96  renderer.o(i.DrawChar)
    DrawSquare                               0x00000905   Thumb Code    74  renderer.o(i.DrawSquare)
    DrawString                               0x0000094f   Thumb Code    58  renderer.o(i.DrawString)
    EINT3_IRQHandler                         0x00000989   Thumb Code   100  interrupt_handler.o(i.EINT3_IRQHandler)
    GetASCIICode                             0x00000a01   Thumb Code    32  asciilib.o(i.GetASCIICode)
    LPC17xx_SPI_SetSpeed                     0x00000a25   Thumb Code    16  tp_open1768.o(i.LPC17xx_SPI_SetSpeed)
    PIN_Configure                            0x00000a51   Thumb Code   100  pin_lpc17xx.o(i.PIN_Configure)
    ShowMessage                              0x00000ab9   Thumb Code   102  renderer.o(i.ShowMessage)
    SystemInit                               0x00000b21   Thumb Code   192  system_lpc17xx.o(i.SystemInit)
    UART0_IRQHandler                         0x00000bed   Thumb Code    60  interrupt_handler.o(i.UART0_IRQHandler)
    _is_digit                                0x00000c41   Thumb Code    14  __printf_wp.o(i._is_digit)
    checkForGameEnd                          0x00000c51   Thumb Code    50  game.o(i.checkForGameEnd)
    checkForHit                              0x00000c8d   Thumb Code   214  game.o(i.checkForHit)
    delay_ms                                 0x00000d7d   Thumb Code    28  open1768_lcd.o(i.delay_ms)
    drawShots                                0x00000d99   Thumb Code   118  game.o(i.drawShots)
    empty                                    0x00000e0f   Thumb Code    12  stack.o(i.empty)
    handleTurn                               0x00000e1d   Thumb Code   316  game.o(i.handleTurn)
    init                                     0x00000f61   Thumb Code   564  game.o(i.init)
    init_ILI9325                             0x000011f1   Thumb Code   470  lcd_ili9325.o(i.init_ILI9325)
    lcdConfiguration                         0x000013c9   Thumb Code    32  open1768_lcd.o(i.lcdConfiguration)
    lcdSend                                  0x000013ed   Thumb Code    34  open1768_lcd.o(i.lcdSend)
    lcdSetCursor                             0x00001415   Thumb Code    24  open1768_lcd.o(i.lcdSetCursor)
    lcdWriteData                             0x0000142d   Thumb Code    34  open1768_lcd.o(i.lcdWriteData)
    lcdWriteIndex                            0x00001455   Thumb Code    44  open1768_lcd.o(i.lcdWriteIndex)
    lcdWriteReg                              0x00001485   Thumb Code    18  open1768_lcd.o(i.lcdWriteReg)
    main                                     0x00001499   Thumb Code    24  main.o(i.main)
    obsluzDotyk                              0x000014b9   Thumb Code   798  game.o(i.obsluzDotyk)
    pop                                      0x000017f1   Thumb Code    30  stack.o(i.pop)
    push                                     0x0000180f   Thumb Code    26  stack.o(i.push)
    run                                      0x00001829   Thumb Code   322  game.o(i.run)
    rysujStatki                              0x000019fd   Thumb Code   118  game.o(i.rysujStatki)
    sendShot                                 0x00001a75   Thumb Code    22  game.o(i.sendShot)
    sendString                               0x00001a99   Thumb Code    22  interrupt_handler.o(i.sendString)
    touchpanelGetXY                          0x00001b41   Thumb Code    28  tp_open1768.o(i.touchpanelGetXY)
    touchpanelInit                           0x00001b5d   Thumb Code    26  tp_open1768.o(i.touchpanelInit)
    touchpanelReadX                          0x00001ba1   Thumb Code    34  tp_open1768.o(i.touchpanelReadX)
    touchpanelReadY                          0x00001bc9   Thumb Code    34  tp_open1768.o(i.touchpanelReadY)
    ustawStatek                              0x00001c11   Thumb Code   286  game.o(i.ustawStatek)
    wait_delay                               0x00001d51   Thumb Code    16  open1768_lcd.o(i.wait_delay)
    __aeabi_ddiv                             0x00001d61   Thumb Code     0  ddiv.o(x$fpl$ddiv)
    _ddiv                                    0x00001d61   Thumb Code   552  ddiv.o(x$fpl$ddiv)
    __aeabi_d2iz                             0x00002011   Thumb Code     0  dfix.o(x$fpl$dfix)
    _dfix                                    0x00002011   Thumb Code    94  dfix.o(x$fpl$dfix)
    __aeabi_i2d                              0x0000206f   Thumb Code     0  dflt_clz.o(x$fpl$dflt)
    _dflt                                    0x0000206f   Thumb Code    46  dflt_clz.o(x$fpl$dflt)
    __aeabi_dmul                             0x0000209d   Thumb Code     0  dmul.o(x$fpl$dmul)
    _dmul                                    0x0000209d   Thumb Code   332  dmul.o(x$fpl$dmul)
    __fpl_dnaninf                            0x000021f1   Thumb Code   156  dnaninf.o(x$fpl$dnaninf)
    __fpl_dretinf                            0x0000228d   Thumb Code    12  dretinf.o(x$fpl$dretinf)
    Region$$Table$$Base                      0x00002e78   Number         0  anon$$obj.o(Region$$Table)
    Region$$Table$$Limit                     0x00002e98   Number         0  anon$$obj.o(Region$$Table)
    counter                                  0x10000000   Data           4  interrupt_handler.o(.data)
    ustawione                                0x10000004   Data           1  game.o(.data)
    wybranyKwadracikPlansza                  0x1000000a   Data           4  game.o(.data)
    wybranyKwadracikStatek                   0x1000000e   Data           4  game.o(.data)
    wybranyKwadracikOpcje                    0x10000012   Data           4  game.o(.data)
    receivedDataBuffer                       0x10000018   Data          16  interrupt_handler.o(.bss)
    game                                     0x10000028   Data         160  main.o(.bss)
    stack                                    0x100000c8   Data          22  stack.o(.bss)
    __libspace_start                         0x100000e0   Data          96  libspace.o(.bss)
    __temporary_stack_top$libspace           0x10000140   Data           0  libspace.o(.bss)



==============================================================================

Memory Map of the image

  Image Entry point : 0x000000cd

  Load Region LR_IROM1 (Base: 0x00000000, Size: 0x00002eb0, Max: 0x00080000, ABSOLUTE)

    Execution Region ER_IROM1 (Base: 0x00000000, Size: 0x00002e98, Max: 0x00080000, ABSOLUTE)

    Base Addr    Size         Type   Attr      Idx    E Section Name        Object

    0x00000000   0x000000cc   Data   RO          769    RESET               startup_lpc17xx.o
    0x000000cc   0x00000008   Code   RO          861  * !!!main             c_w.l(__main.o)
    0x000000d4   0x00000034   Code   RO         1059    !!!scatter          c_w.l(__scatter.o)
    0x00000108   0x0000001a   Code   RO         1061    !!handler_copy      c_w.l(__scatter_copy.o)
    0x00000122   0x00000002   PAD
    0x00000124   0x0000001c   Code   RO         1063    !!handler_zi        c_w.l(__scatter_zi.o)
    0x00000140   0x00000000   Code   RO          848    .ARM.Collect$$_printf_percent$$00000000  c_w.l(_printf_percent.o)
    0x00000140   0x00000006   Code   RO          847    .ARM.Collect$$_printf_percent$$00000009  c_w.l(_printf_d.o)
    0x00000146   0x00000004   Code   RO          890    .ARM.Collect$$_printf_percent$$00000017  c_w.l(_printf_percent_end.o)
    0x0000014a   0x00000002   Code   RO          930    .ARM.Collect$$libinit$$00000000  c_w.l(libinit.o)
    0x0000014c   0x00000000   Code   RO          943    .ARM.Collect$$libinit$$00000002  c_w.l(libinit2.o)
    0x0000014c   0x00000000   Code   RO          945    .ARM.Collect$$libinit$$00000004  c_w.l(libinit2.o)
    0x0000014c   0x00000000   Code   RO          948    .ARM.Collect$$libinit$$0000000A  c_w.l(libinit2.o)
    0x0000014c   0x00000000   Code   RO          950    .ARM.Collect$$libinit$$0000000C  c_w.l(libinit2.o)
    0x0000014c   0x00000000   Code   RO          952    .ARM.Collect$$libinit$$0000000E  c_w.l(libinit2.o)
    0x0000014c   0x00000000   Code   RO          955    .ARM.Collect$$libinit$$00000011  c_w.l(libinit2.o)
    0x0000014c   0x00000000   Code   RO          957    .ARM.Collect$$libinit$$00000013  c_w.l(libinit2.o)
    0x0000014c   0x00000000   Code   RO          959    .ARM.Collect$$libinit$$00000015  c_w.l(libinit2.o)
    0x0000014c   0x00000000   Code   RO          961    .ARM.Collect$$libinit$$00000017  c_w.l(libinit2.o)
    0x0000014c   0x00000000   Code   RO          963    .ARM.Collect$$libinit$$00000019  c_w.l(libinit2.o)
    0x0000014c   0x00000000   Code   RO          965    .ARM.Collect$$libinit$$0000001B  c_w.l(libinit2.o)
    0x0000014c   0x00000000   Code   RO          967    .ARM.Collect$$libinit$$0000001D  c_w.l(libinit2.o)
    0x0000014c   0x00000000   Code   RO          969    .ARM.Collect$$libinit$$0000001F  c_w.l(libinit2.o)
    0x0000014c   0x00000000   Code   RO          971    .ARM.Collect$$libinit$$00000021  c_w.l(libinit2.o)
    0x0000014c   0x00000000   Code   RO          973    .ARM.Collect$$libinit$$00000023  c_w.l(libinit2.o)
    0x0000014c   0x00000000   Code   RO          975    .ARM.Collect$$libinit$$00000025  c_w.l(libinit2.o)
    0x0000014c   0x00000000   Code   RO          979    .ARM.Collect$$libinit$$0000002C  c_w.l(libinit2.o)
    0x0000014c   0x00000000   Code   RO          981    .ARM.Collect$$libinit$$0000002E  c_w.l(libinit2.o)
    0x0000014c   0x00000000   Code   RO          983    .ARM.Collect$$libinit$$00000030  c_w.l(libinit2.o)
    0x0000014c   0x00000000   Code   RO          985    .ARM.Collect$$libinit$$00000032  c_w.l(libinit2.o)
    0x0000014c   0x00000002   Code   RO          986    .ARM.Collect$$libinit$$00000033  c_w.l(libinit2.o)
    0x0000014e   0x00000002   Code   RO         1017    .ARM.Collect$$libshutdown$$00000000  c_w.l(libshutdown.o)
    0x00000150   0x00000000   Code   RO         1044    .ARM.Collect$$libshutdown$$00000003  c_w.l(libshutdown2.o)
    0x00000150   0x00000000   Code   RO         1047    .ARM.Collect$$libshutdown$$00000006  c_w.l(libshutdown2.o)
    0x00000150   0x00000000   Code   RO         1050    .ARM.Collect$$libshutdown$$00000009  c_w.l(libshutdown2.o)
    0x00000150   0x00000000   Code   RO         1052    .ARM.Collect$$libshutdown$$0000000B  c_w.l(libshutdown2.o)
    0x00000150   0x00000000   Code   RO         1055    .ARM.Collect$$libshutdown$$0000000E  c_w.l(libshutdown2.o)
    0x00000150   0x00000002   Code   RO         1056    .ARM.Collect$$libshutdown$$0000000F  c_w.l(libshutdown2.o)
    0x00000152   0x00000000   Code   RO          879    .ARM.Collect$$rtentry$$00000000  c_w.l(__rtentry.o)
    0x00000152   0x00000000   Code   RO          899    .ARM.Collect$$rtentry$$00000002  c_w.l(__rtentry2.o)
    0x00000152   0x00000006   Code   RO          911    .ARM.Collect$$rtentry$$00000004  c_w.l(__rtentry4.o)
    0x00000158   0x00000000   Code   RO          901    .ARM.Collect$$rtentry$$00000009  c_w.l(__rtentry2.o)
    0x00000158   0x00000004   Code   RO          902    .ARM.Collect$$rtentry$$0000000A  c_w.l(__rtentry2.o)
    0x0000015c   0x00000000   Code   RO          904    .ARM.Collect$$rtentry$$0000000C  c_w.l(__rtentry2.o)
    0x0000015c   0x00000008   Code   RO          905    .ARM.Collect$$rtentry$$0000000D  c_w.l(__rtentry2.o)
    0x00000164   0x00000002   Code   RO          934    .ARM.Collect$$rtexit$$00000000  c_w.l(rtexit.o)
    0x00000166   0x00000000   Code   RO          990    .ARM.Collect$$rtexit$$00000002  c_w.l(rtexit2.o)
    0x00000166   0x00000004   Code   RO          991    .ARM.Collect$$rtexit$$00000003  c_w.l(rtexit2.o)
    0x0000016a   0x00000006   Code   RO          992    .ARM.Collect$$rtexit$$00000004  c_w.l(rtexit2.o)
    0x00000170   0x0000003c   Code   RO          771    .text               startup_lpc17xx.o
    0x000001ac   0x00000028   Code   RO          819    .text               c_w.l(noretval__2sprintf.o)
    0x000001d4   0x00000078   Code   RO          825    .text               c_w.l(_printf_dec.o)
    0x0000024c   0x00000048   Code   RO          849    .text               c_w.l(strcpy.o)
    0x00000294   0x0000003e   Code   RO          851    .text               c_w.l(strlen.o)
    0x000002d2   0x00000006   Code   RO          859    .text               c_w.l(heapauxi.o)
    0x000002d8   0x0000000a   Code   RO          888    .text               c_w.l(_sputc.o)
    0x000002e2   0x0000000c   Code   RO          919    .text               c_w.l(exit.o)
    0x000002ee   0x00000002   PAD
    0x000002f0   0x00000008   Code   RO          931    .text               c_w.l(libspace.o)
    0x000002f8   0x00000002   Code   RO         1006    .text               c_w.l(use_no_semi.o)
    0x000002fa   0x00000000   Code   RO         1008    .text               c_w.l(indicate_semi.o)
    0x000002fa   0x00000000   Code   RO          897    x$fpl$usenofp       fz_ws.l(usenofp.o)
    0x000002fa   0x00000002   PAD
    0x000002fc   0x00000004   Code   RO          770    .ARM.__at_0x02FC    startup_lpc17xx.o
    0x00000300   0x0000010e   Code   RO          835    .text               c_w.l(__printf_wp.o)
    0x0000040e   0x00000096   Code   RO          853    .text               c_w.l(strncmp.o)
    0x000004a4   0x0000008a   Code   RO          855    .text               c_w.l(rt_memcpy_v6.o)
    0x0000052e   0x00000002   PAD
    0x00000530   0x00000080   Code   RO          857    .text               c_w.l(strcmpv7m.o)
    0x000005b0   0x000000b2   Code   RO          884    .text               c_w.l(_printf_intcommon.o)
    0x00000662   0x00000002   PAD
    0x00000664   0x00000030   Code   RO          886    .text               c_w.l(_printf_char_common.o)
    0x00000694   0x00000064   Code   RO          891    .text               c_w.l(rt_memcpy_w.o)
    0x000006f8   0x0000004a   Code   RO          917    .text               c_w.l(sys_stackheap_outer.o)
    0x00000742   0x00000002   PAD
    0x00000744   0x0000000c   Code   RO          987    .text               c_w.l(sys_exit.o)
    0x00000750   0x0000002a   Code   RO          437    i.ClearBoard        renderer.o
    0x0000077a   0x0000003e   Code   RO          438    i.DrawBoard         renderer.o
    0x000007b8   0x00000058   Code   RO          439    i.DrawBox           renderer.o
    0x00000810   0x00000094   Code   RO          440    i.DrawButton        renderer.o
    0x000008a4   0x00000060   Code   RO          441    i.DrawChar          renderer.o
    0x00000904   0x0000004a   Code   RO          444    i.DrawSquare        renderer.o
    0x0000094e   0x0000003a   Code   RO          445    i.DrawString        renderer.o
    0x00000988   0x00000078   Code   RO          249    i.EINT3_IRQHandler  interrupt_handler.o
    0x00000a00   0x00000024   Code   RO          100    i.GetASCIICode      asciilib.o
    0x00000a24   0x00000014   Code   RO           59    i.LPC17xx_SPI_SetSpeed  tp_open1768.o
    0x00000a38   0x00000016   Code   RO          320    i.NVIC_EnableIRQ    game.o
    0x00000a4e   0x00000002   PAD
    0x00000a50   0x00000068   Code   RO          734    i.PIN_Configure     pin_lpc17xx.o
    0x00000ab8   0x00000066   Code   RO          446    i.ShowMessage       renderer.o
    0x00000b1e   0x00000002   PAD
    0x00000b20   0x000000cc   Code   RO          781    i.SystemInit        system_lpc17xx.o
    0x00000bec   0x00000054   Code   RO          250    i.UART0_IRQHandler  interrupt_handler.o
    0x00000c40   0x0000000e   Code   RO          837    i._is_digit         c_w.l(__printf_wp.o)
    0x00000c4e   0x00000002   PAD
    0x00000c50   0x0000003c   Code   RO          321    i.checkForGameEnd   game.o
    0x00000c8c   0x000000f0   Code   RO          322    i.checkForHit       game.o
    0x00000d7c   0x0000001c   Code   RO          160    i.delay_ms          open1768_lcd.o
    0x00000d98   0x00000076   Code   RO          323    i.drawShots         game.o
    0x00000e0e   0x0000000c   Code   RO          512    i.empty             stack.o
    0x00000e1a   0x00000002   PAD
    0x00000e1c   0x00000144   Code   RO          324    i.handleTurn        game.o
    0x00000f60   0x00000290   Code   RO          325    i.init              game.o
    0x000011f0   0x000001d6   Code   RO          123    i.init_ILI9325      lcd_ili9325.o
    0x000013c6   0x00000002   PAD
    0x000013c8   0x00000024   Code   RO          161    i.lcdConfiguration  open1768_lcd.o
    0x000013ec   0x00000028   Code   RO          165    i.lcdSend           open1768_lcd.o
    0x00001414   0x00000018   Code   RO          166    i.lcdSetCursor      open1768_lcd.o
    0x0000142c   0x00000028   Code   RO          167    i.lcdWriteData      open1768_lcd.o
    0x00001454   0x00000030   Code   RO          168    i.lcdWriteIndex     open1768_lcd.o
    0x00001484   0x00000012   Code   RO          169    i.lcdWriteReg       open1768_lcd.o
    0x00001496   0x00000002   PAD
    0x00001498   0x00000020   Code   RO          409    i.main              main.o
    0x000014b8   0x00000338   Code   RO          326    i.obsluzDotyk       game.o
    0x000017f0   0x0000001e   Code   RO          513    i.pop               stack.o
    0x0000180e   0x0000001a   Code   RO          514    i.push              stack.o
    0x00001828   0x000001d4   Code   RO          327    i.run               game.o
    0x000019fc   0x00000076   Code   RO          328    i.rysujStatki       game.o
    0x00001a72   0x00000002   PAD
    0x00001a74   0x00000024   Code   RO          329    i.sendShot          game.o
    0x00001a98   0x0000001c   Code   RO          251    i.sendString        interrupt_handler.o
    0x00001ab4   0x00000026   Code   RO            4    i.touchpanelDelayUS  tp_open1768.o
    0x00001ada   0x00000002   PAD
    0x00001adc   0x00000064   Code   RO            5    i.touchpanelDriverDataBusInit  tp_open1768.o
    0x00001b40   0x0000001c   Code   RO            6    i.touchpanelGetXY   tp_open1768.o
    0x00001b5c   0x00000020   Code   RO            7    i.touchpanelInit    tp_open1768.o
    0x00001b7c   0x00000024   Code   RO            8    i.touchpanelReadAddress  tp_open1768.o
    0x00001ba0   0x00000028   Code   RO            9    i.touchpanelReadX   tp_open1768.o
    0x00001bc8   0x00000028   Code   RO           10    i.touchpanelReadY   tp_open1768.o
    0x00001bf0   0x00000020   Code   RO           11    i.touchpanelWriteCmd  tp_open1768.o
    0x00001c10   0x00000140   Code   RO          330    i.ustawStatek       game.o
    0x00001d50   0x00000010   Code   RO          231    i.wait_delay        open1768_lcd.o
    0x00001d60   0x000002b0   Code   RO          864    x$fpl$ddiv          fz_ws.l(ddiv.o)
    0x00002010   0x0000005e   Code   RO          867    x$fpl$dfix          fz_ws.l(dfix.o)
    0x0000206e   0x0000002e   Code   RO          872    x$fpl$dflt          fz_ws.l(dflt_clz.o)
    0x0000209c   0x00000154   Code   RO          877    x$fpl$dmul          fz_ws.l(dmul.o)
    0x000021f0   0x0000009c   Code   RO          893    x$fpl$dnaninf       fz_ws.l(dnaninf.o)
    0x0000228c   0x0000000c   Code   RO          895    x$fpl$dretinf       fz_ws.l(dretinf.o)
    0x00002298   0x00000be0   Data   RO          101    .constdata          asciilib.o
    0x00002e78   0x00000020   Data   RO         1057    Region$$Table       anon$$obj.o


    Execution Region RW_IRAM1 (Base: 0x10000000, Size: 0x00002140, Max: 0x00008000, ABSOLUTE)

    Base Addr    Size         Type   Attr      Idx    E Section Name        Object

    0x10000000   0x00000004   Data   RW          253    .data               interrupt_handler.o
    0x10000004   0x00000012   Data   RW          331    .data               game.o
    0x10000016   0x00000002   PAD
    0x10000018   0x00000010   Zero   RW          252    .bss                interrupt_handler.o
    0x10000028   0x000000a0   Zero   RW          410    .bss                main.o
    0x100000c8   0x00000016   Zero   RW          515    .bss                stack.o
    0x100000de   0x00000002   PAD
    0x100000e0   0x00000060   Zero   RW          932    .bss                c_w.l(libspace.o)
    0x10000140   0x00000000   Zero   RW          768    HEAP                startup_lpc17xx.o
    0x10000140   0x00002000   Zero   RW          767    STACK               startup_lpc17xx.o


==============================================================================

Image component sizes


      Code (inc. data)   RO Data    RW Data    ZI Data      Debug   Object Name

        36          4       3040          0          0        887   asciilib.o
      3186        356          0         18          0      32066   game.o
       232         50          0          4         16       3993   interrupt_handler.o
       470          0          0          0          0      17379   lcd_ili9325.o
        32          8          0          0        160        634   main.o
       250         20          0          0          0       4113   open1768_lcd.o
       104          4          0          0          0        708   pin_lpc17xx.o
       670          0          0          0          0       4803   renderer.o
        68          0          0          0         22       1733   stack.o
        64         26        204          0       8192       1004   startup_lpc17xx.o
       204         12          0          0          0        605   system_lpc17xx.o
       366         40          0          0          0       9120   tp_open1768.o

    ----------------------------------------------------------------------
      5696        520       3276         24       8392      77045   Object Totals
         0          0         32          0          0          0   (incl. Generated)
        14          0          0          2          2          0   (incl. Padding)

    ----------------------------------------------------------------------

      Code (inc. data)   RO Data    RW Data    ZI Data      Debug   Library Member Name

         8          0          0          0          0         68   __main.o
       284          0          0          0          0        156   __printf_wp.o
         0          0          0          0          0          0   __rtentry.o
        12          0          0          0          0          0   __rtentry2.o
         6          0          0          0          0          0   __rtentry4.o
        52          8          0          0          0          0   __scatter.o
        26          0          0          0          0          0   __scatter_copy.o
        28          0          0          0          0          0   __scatter_zi.o
        48          6          0          0          0         96   _printf_char_common.o
         6          0          0          0          0          0   _printf_d.o
       120         16          0          0          0         92   _printf_dec.o
       178          0          0          0          0         88   _printf_intcommon.o
         0          0          0          0          0          0   _printf_percent.o
         4          0          0          0          0          0   _printf_percent_end.o
        10          0          0          0          0         68   _sputc.o
        12          0          0          0          0         72   exit.o
         6          0          0          0          0        152   heapauxi.o
         0          0          0          0          0          0   indicate_semi.o
         2          0          0          0          0          0   libinit.o
         2          0          0          0          0          0   libinit2.o
         2          0          0          0          0          0   libshutdown.o
         2          0          0          0          0          0   libshutdown2.o
         8          4          0          0         96         68   libspace.o
        40          6          0          0          0         84   noretval__2sprintf.o
       138          0          0          0          0         68   rt_memcpy_v6.o
       100          0          0          0          0         80   rt_memcpy_w.o
         2          0          0          0          0          0   rtexit.o
        10          0          0          0          0          0   rtexit2.o
       128          0          0          0          0         68   strcmpv7m.o
        72          0          0          0          0         80   strcpy.o
        62          0          0          0          0         76   strlen.o
       150          0          0          0          0         80   strncmp.o
        12          4          0          0          0         68   sys_exit.o
        74          0          0          0          0         80   sys_stackheap_outer.o
         2          0          0          0          0         68   use_no_semi.o
       688        140          0          0          0        208   ddiv.o
        94          4          0          0          0         92   dfix.o
        46          0          0          0          0         68   dflt_clz.o
       340         12          0          0          0        104   dmul.o
       156          4          0          0          0         92   dnaninf.o
        12          0          0          0          0         68   dretinf.o
         0          0          0          0          0          0   usenofp.o

    ----------------------------------------------------------------------
      2956        204          0          0         96       2244   Library Totals
        14          0          0          0          0          0   (incl. Padding)

    ----------------------------------------------------------------------

      Code (inc. data)   RO Data    RW Data    ZI Data      Debug   Library Name

      1606         44          0          0         96       1612   c_w.l
      1336        160          0          0          0        632   fz_ws.l

    ----------------------------------------------------------------------
      2956        204          0          0         96       2244   Library Totals

    ----------------------------------------------------------------------

==============================================================================


      Code (inc. data)   RO Data    RW Data    ZI Data      Debug   

      8652        724       3276         24       8488      75957   Grand Totals
      8652        724       3276         24       8488      75957   ELF Image Totals
      8652        724       3276         24          0          0   ROM Totals

==============================================================================

    Total RO  Size (Code + RO Data)                11928 (  11.65kB)
    Total RW  Size (RW Data + ZI Data)              8512 (   8.31kB)
    Total ROM Size (Code + RO Data + RW Data)      11952 (  11.67kB)

==============================================================================

